Archive member included to satisfy reference by file (symbol)

/home/evaota/Ac6/SystemWorkbench/plugins/fr.ac6.mcu.externaltools.arm-none.linux64_1.7.0.201602291252/tools/compiler/bin/../lib/gcc/arm-none-eabi/5.2.1/../../../../arm-none-eabi/lib/armv7e-m/fpu/libc.a(lib_a-errno.o)
                              src/syscalls.o (__errno)
/home/evaota/Ac6/SystemWorkbench/plugins/fr.ac6.mcu.externaltools.arm-none.linux64_1.7.0.201602291252/tools/compiler/bin/../lib/gcc/arm-none-eabi/5.2.1/../../../../arm-none-eabi/lib/armv7e-m/fpu/libc.a(lib_a-exit.o)
                              /home/evaota/Ac6/SystemWorkbench/plugins/fr.ac6.mcu.externaltools.arm-none.linux64_1.7.0.201602291252/tools/compiler/bin/../lib/gcc/arm-none-eabi/5.2.1/../../../../arm-none-eabi/lib/armv7e-m/fpu/crt0.o (exit)
/home/evaota/Ac6/SystemWorkbench/plugins/fr.ac6.mcu.externaltools.arm-none.linux64_1.7.0.201602291252/tools/compiler/bin/../lib/gcc/arm-none-eabi/5.2.1/../../../../arm-none-eabi/lib/armv7e-m/fpu/libc.a(lib_a-impure.o)
                              /home/evaota/Ac6/SystemWorkbench/plugins/fr.ac6.mcu.externaltools.arm-none.linux64_1.7.0.201602291252/tools/compiler/bin/../lib/gcc/arm-none-eabi/5.2.1/../../../../arm-none-eabi/lib/armv7e-m/fpu/libc.a(lib_a-exit.o) (_global_impure_ptr)
/home/evaota/Ac6/SystemWorkbench/plugins/fr.ac6.mcu.externaltools.arm-none.linux64_1.7.0.201602291252/tools/compiler/bin/../lib/gcc/arm-none-eabi/5.2.1/../../../../arm-none-eabi/lib/armv7e-m/fpu/libc.a(lib_a-init.o)
                              /home/evaota/Ac6/SystemWorkbench/plugins/fr.ac6.mcu.externaltools.arm-none.linux64_1.7.0.201602291252/tools/compiler/bin/../lib/gcc/arm-none-eabi/5.2.1/../../../../arm-none-eabi/lib/armv7e-m/fpu/crt0.o (__libc_init_array)
/home/evaota/Ac6/SystemWorkbench/plugins/fr.ac6.mcu.externaltools.arm-none.linux64_1.7.0.201602291252/tools/compiler/bin/../lib/gcc/arm-none-eabi/5.2.1/../../../../arm-none-eabi/lib/armv7e-m/fpu/libc.a(lib_a-memset.o)
                              /home/evaota/Ac6/SystemWorkbench/plugins/fr.ac6.mcu.externaltools.arm-none.linux64_1.7.0.201602291252/tools/compiler/bin/../lib/gcc/arm-none-eabi/5.2.1/../../../../arm-none-eabi/lib/armv7e-m/fpu/crt0.o (memset)
/home/evaota/Ac6/SystemWorkbench/plugins/fr.ac6.mcu.externaltools.arm-none.linux64_1.7.0.201602291252/tools/compiler/bin/../lib/gcc/arm-none-eabi/5.2.1/../../../../arm-none-eabi/lib/armv7e-m/fpu/libc.a(lib_a-strchr.o)
                              src/main.o (strchr)
/home/evaota/Ac6/SystemWorkbench/plugins/fr.ac6.mcu.externaltools.arm-none.linux64_1.7.0.201602291252/tools/compiler/bin/../lib/gcc/arm-none-eabi/5.2.1/../../../../arm-none-eabi/lib/armv7e-m/fpu/libc.a(lib_a-strcpy.o)
                              src/main.o (strcpy)
/home/evaota/Ac6/SystemWorkbench/plugins/fr.ac6.mcu.externaltools.arm-none.linux64_1.7.0.201602291252/tools/compiler/bin/../lib/gcc/arm-none-eabi/5.2.1/../../../../arm-none-eabi/lib/armv7e-m/fpu/libc.a(lib_a-strlen.o)
                              src/main.o (strlen)
/home/evaota/Ac6/SystemWorkbench/plugins/fr.ac6.mcu.externaltools.arm-none.linux64_1.7.0.201602291252/tools/compiler/bin/../lib/gcc/arm-none-eabi/5.2.1/../../../../arm-none-eabi/lib/armv7e-m/fpu/libc.a(lib_a-__call_atexit.o)
                              /home/evaota/Ac6/SystemWorkbench/plugins/fr.ac6.mcu.externaltools.arm-none.linux64_1.7.0.201602291252/tools/compiler/bin/../lib/gcc/arm-none-eabi/5.2.1/../../../../arm-none-eabi/lib/armv7e-m/fpu/libc.a(lib_a-exit.o) (__call_exitprocs)
/home/evaota/Ac6/SystemWorkbench/plugins/fr.ac6.mcu.externaltools.arm-none.linux64_1.7.0.201602291252/tools/compiler/bin/../lib/gcc/arm-none-eabi/5.2.1/../../../../arm-none-eabi/lib/armv7e-m/fpu/libc.a(lib_a-atexit.o)
                              /home/evaota/Ac6/SystemWorkbench/plugins/fr.ac6.mcu.externaltools.arm-none.linux64_1.7.0.201602291252/tools/compiler/bin/../lib/gcc/arm-none-eabi/5.2.1/../../../../arm-none-eabi/lib/armv7e-m/fpu/libc.a(lib_a-__call_atexit.o) (atexit)
/home/evaota/Ac6/SystemWorkbench/plugins/fr.ac6.mcu.externaltools.arm-none.linux64_1.7.0.201602291252/tools/compiler/bin/../lib/gcc/arm-none-eabi/5.2.1/../../../../arm-none-eabi/lib/armv7e-m/fpu/libc.a(lib_a-fini.o)
                              /home/evaota/Ac6/SystemWorkbench/plugins/fr.ac6.mcu.externaltools.arm-none.linux64_1.7.0.201602291252/tools/compiler/bin/../lib/gcc/arm-none-eabi/5.2.1/../../../../arm-none-eabi/lib/armv7e-m/fpu/libc.a(lib_a-__call_atexit.o) (__libc_fini_array)
/home/evaota/Ac6/SystemWorkbench/plugins/fr.ac6.mcu.externaltools.arm-none.linux64_1.7.0.201602291252/tools/compiler/bin/../lib/gcc/arm-none-eabi/5.2.1/../../../../arm-none-eabi/lib/armv7e-m/fpu/libc.a(lib_a-__atexit.o)
                              /home/evaota/Ac6/SystemWorkbench/plugins/fr.ac6.mcu.externaltools.arm-none.linux64_1.7.0.201602291252/tools/compiler/bin/../lib/gcc/arm-none-eabi/5.2.1/../../../../arm-none-eabi/lib/armv7e-m/fpu/libc.a(lib_a-atexit.o) (__register_exitproc)

Allocating common symbols
[...]
Memory Configuration

Name             Origin             Length             Attributes
FLASH            0x08000000         0x00100000         xr
RAM              0x20000000         0x00030000         xrw
MEMORY_B1        0x60000000         0x00000000         xr
*default*        0x00000000         0xffffffff

Linker script and memory map

LOAD /home/evaota/Ac6/SystemWorkbench/plugins/fr.ac6.mcu.externaltools.arm-none.linux64_1.7.0.201602291252/tools/compiler/bin/../lib/gcc/arm-none-eabi/5.2.1/armv7e-m/fpu/crti.o
LOAD /home/evaota/Ac6/SystemWorkbench/plugins/fr.ac6.mcu.externaltools.arm-none.linux64_1.7.0.201602291252/tools/compiler/bin/../lib/gcc/arm-none-eabi/5.2.1/armv7e-m/fpu/crtbegin.o
LOAD /home/evaota/Ac6/SystemWorkbench/plugins/fr.ac6.mcu.externaltools.arm-none.linux64_1.7.0.201602291252/tools/compiler/bin/../lib/gcc/arm-none-eabi/5.2.1/../../../../arm-none-eabi/lib/armv7e-m/fpu/crt0.o
LOAD /home/evaota/Ac6/SystemWorkbench/plugins/fr.ac6.mcu.externaltools.arm-none.linux64_1.7.0.201602291252/tools/compiler/bin/../lib/gcc/arm-none-eabi/5.2.1/../../../../arm-none-eabi/lib/armv7e-m/fpu/libm.a
LOAD startup/startup_stm32f4xx.o
LOAD src/ADC.o
LOAD src/BasicTimer.o
LOAD src/CS43L22.o
LOAD src/DAC.o
LOAD src/GeneralTimer.o
LOAD src/I2CMaster.o
LOAD src/I2CMasterHandler.o
LOAD src/SPI.o
LOAD src/USART.o
LOAD src/main.o
LOAD src/syscalls.o
LOAD src/system_stm32f4xx.o
LOAD src/xprintf.o
LOAD src/fatfs/option/cc932.o
LOAD src/fatfs/option/syscall.o
LOAD src/fatfs/ff.o
LOAD src/fatfs/mmc_32f1.o
LOAD /home/evaota/workspace/stm32f4discovery_stdperiph_lib/Debug/libstm32f4discovery_stdperiph_lib.a
START GROUP
LOAD /home/evaota/Ac6/SystemWorkbench/plugins/fr.ac6.mcu.externaltools.arm-none.linux64_1.7.0.201602291252/tools/compiler/bin/../lib/gcc/arm-none-eabi/5.2.1/armv7e-m/fpu/libgcc.a
LOAD /home/evaota/Ac6/SystemWorkbench/plugins/fr.ac6.mcu.externaltools.arm-none.linux64_1.7.0.201602291252/tools/compiler/bin/../lib/gcc/arm-none-eabi/5.2.1/../../../../arm-none-eabi/lib/armv7e-m/fpu/libc.a
END GROUP
LOAD /home/evaota/Ac6/SystemWorkbench/plugins/fr.ac6.mcu.externaltools.arm-none.linux64_1.7.0.201602291252/tools/compiler/bin/../lib/gcc/arm-none-eabi/5.2.1/armv7e-m/fpu/crtend.o
LOAD /home/evaota/Ac6/SystemWorkbench/plugins/fr.ac6.mcu.externaltools.arm-none.linux64_1.7.0.201602291252/tools/compiler/bin/../lib/gcc/arm-none-eabi/5.2.1/armv7e-m/fpu/crtn.o
                0x20020000                _estack = 0x20020000
                0x00000000                _Min_Heap_Size = 0x0
                0x00000400                _Min_Stack_Size = 0x400

.isr_vector     0x08000000      0x188
                0x08000000                . = ALIGN (0x4)
 *(.isr_vector)
 .isr_vector    0x08000000      0x188 startup/startup_stm32f4xx.o
                0x08000000                g_pfnVectors
                0x08000188                . = ALIGN (0x4)

.text           0x080001c0    0x1a610
                0x080001c0                . = ALIGN (0x4)
 *(.text)
 .text          0x080001c0       0xa4 /home/evaota/Ac6/SystemWorkbench/plugins/fr.ac6.mcu.externaltools.arm-none.linux64_1.7.0.201602291252/tools/compiler/bin/../lib/gcc/arm-none-eabi/5.2.1/armv7e-m/fpu/crtbegin.o
 *fill*         0x08000264       0x1c 
 .text          0x08000280       0xdc /home/evaota/Ac6/SystemWorkbench/plugins/fr.ac6.mcu.externaltools.arm-none.linux64_1.7.0.201602291252/tools/compiler/bin/../lib/gcc/arm-none-eabi/5.2.1/../../../../arm-none-eabi/lib/armv7e-m/fpu/libc.a(lib_a-strlen.o)
                0x08000280                strlen
 *(.text*)
 .text.Reset_Handler
                0x0800035c       0x48 startup/startup_stm32f4xx.o
                0x0800035c                Reset_Handler
 .text.Default_Handler
                0x080003a4        0x2 startup/startup_stm32f4xx.o
                0x080003a4                RTC_Alarm_IRQHandler
                0x080003a4                HASH_RNG_IRQHandler
                0x080003a4                EXTI2_IRQHandler
                0x080003a4                TIM8_CC_IRQHandler
                0x080003a4                DebugMon_Handler
                0x080003a4                TIM1_CC_IRQHandler
                0x080003a4                DMA2_Stream5_IRQHandler
                0x080003a4                HardFault_Handler
                0x080003a4                DMA1_Stream5_IRQHandler
                0x080003a4                SysTick_Handler
                0x080003a4                PVD_IRQHandler
                0x080003a4                SDIO_IRQHandler
                0x080003a4                TAMP_STAMP_IRQHandler
                0x080003a4                PendSV_Handler
                0x080003a4                NMI_Handler
                0x080003a4                CAN2_RX1_IRQHandler
                0x080003a4                EXTI3_IRQHandler
                0x080003a4                TIM8_TRG_COM_TIM14_IRQHandler
                0x080003a4                TIM1_UP_TIM10_IRQHandler
                0x080003a4                TIM8_UP_TIM13_IRQHandler
                0x080003a4                I2C3_ER_IRQHandler
                0x080003a4                EXTI0_IRQHandler
                0x080003a4                I2C2_EV_IRQHandler
                0x080003a4                DMA1_Stream2_IRQHandler
                0x080003a4                CAN1_RX0_IRQHandler
                0x080003a4                FPU_IRQHandler
                0x080003a4                OTG_HS_WKUP_IRQHandler
                0x080003a4                UsageFault_Handler
                0x080003a4                CAN2_SCE_IRQHandler
                0x080003a4                DMA2_Stream2_IRQHandler
                0x080003a4                SPI1_IRQHandler
                0x080003a4                TIM1_BRK_TIM9_IRQHandler
                0x080003a4                DCMI_IRQHandler
                0x080003a4                CAN2_RX0_IRQHandler
                0x080003a4                DMA2_Stream3_IRQHandler
                0x080003a4                CRYP_IRQHandler
                0x080003a4                CAN1_RX1_IRQHandler
                0x080003a4                DMA2_Stream0_IRQHandler
                0x080003a4                TIM4_IRQHandler
                0x080003a4                DMA1_Stream6_IRQHandler
                0x080003a4                DMA1_Stream1_IRQHandler
                0x080003a4                TIM3_IRQHandler
                0x080003a4                RCC_IRQHandler
                0x080003a4                TIM8_BRK_TIM12_IRQHandler
                0x080003a4                Default_Handler
                0x080003a4                EXTI15_10_IRQHandler
                0x080003a4                ADC_IRQHandler
                0x080003a4                DMA1_Stream7_IRQHandler
                0x080003a4                TIM7_IRQHandler
                0x080003a4                CAN2_TX_IRQHandler
                0x080003a4                TIM5_IRQHandler
                0x080003a4                DMA2_Stream7_IRQHandler
                0x080003a4                I2C3_EV_IRQHandler
                0x080003a4                EXTI9_5_IRQHandler
                0x080003a4                RTC_WKUP_IRQHandler
                0x080003a4                ETH_WKUP_IRQHandler
                0x080003a4                SPI2_IRQHandler
                0x080003a4                OTG_HS_EP1_IN_IRQHandler
                0x080003a4                MemManage_Handler
                0x080003a4                DMA1_Stream0_IRQHandler
                0x080003a4                CAN1_TX_IRQHandler
                0x080003a4                SVC_Handler
                0x080003a4                EXTI4_IRQHandler
                0x080003a4                FSMC_IRQHandler
                0x080003a4                ETH_IRQHandler
                0x080003a4                OTG_HS_EP1_OUT_IRQHandler
                0x080003a4                WWDG_IRQHandler
                0x080003a4                TIM2_IRQHandler
                0x080003a4                OTG_FS_WKUP_IRQHandler
                0x080003a4                TIM1_TRG_COM_TIM11_IRQHandler
                0x080003a4                OTG_HS_IRQHandler
                0x080003a4                EXTI1_IRQHandler
                0x080003a4                I2C2_ER_IRQHandler
                0x080003a4                DMA2_Stream1_IRQHandler
                0x080003a4                CAN1_SCE_IRQHandler
                0x080003a4                FLASH_IRQHandler
                0x080003a4                DMA2_Stream4_IRQHandler
                0x080003a4                BusFault_Handler
                0x080003a4                OTG_FS_IRQHandler
                0x080003a4                SPI3_IRQHandler
                0x080003a4                DMA1_Stream4_IRQHandler
                0x080003a4                DMA2_Stream6_IRQHandler
                0x080003a4                DMA1_Stream3_IRQHandler
 *fill*         0x080003a6        0x2 
 .text.BasicTimer6
                0x080003a8       0x7c src/BasicTimer.o
                0x080003a8                BasicTimer6
 .text.TIMxSRClear
                0x08000424       0x34 src/BasicTimer.o
                0x08000424                TIMxSRClear
 .text.CS43L22Init
                0x08000458       0xfc src/CS43L22.o
                0x08000458                CS43L22Init
 .text.I2CInit  0x08000554       0xc0 src/I2CMaster.o
                0x08000554                I2CInit
 .text.I2C_Write
                0x08000614      0x180 src/I2CMaster.o
                0x08000614                I2C_Write
 .text.I2C1_EV_IRQHandler
                0x08000794      0x110 src/I2CMasterHandler.o
                0x08000794                I2C1_EV_IRQHandler
 .text.I2C1_ER_IRQHandler
                0x080008a4       0x90 src/I2CMasterHandler.o
                0x080008a4                I2C1_ER_IRQHandler
 .text.SPICONFIGInit
                0x08000934       0x14 src/SPI.o
                0x08000934                SPICONFIGInit
 .text.SPIInit  0x08000948      0x168 src/SPI.o
                0x08000948                SPIInit
 .text.SPI2_RW  0x08000ab0       0x20 src/SPI.o
                0x08000ab0                SPI2_RW
 .text.USARTInit
                0x08000ad0       0x50 src/USART.o
                0x08000ad0                USARTInit
 .text.USART2_Read
                0x08000b20       0x14 src/USART.o
                0x08000b20                USART2_Read
 .text.USART2_Write
                0x08000b34       0x14 src/USART.o
                0x08000b34                USART2_Write
 .text.USART1_IRQHandler
                0x08000b48        0x4 src/USART.o
                0x08000b48                USART1_IRQHandler
 .text.USART2_IRQHandler
                0x08000b4c        0x4 src/USART.o
                0x08000b4c                USART2_IRQHandler
 .text.USART3_IRQHandler
                0x08000b50        0x4 src/USART.o
                0x08000b50                USART3_IRQHandler
 .text.UART4_IRQHandler
                0x08000b54        0x4 src/USART.o
                0x08000b54                UART4_IRQHandler
 .text.UART5_IRQHandler
                0x08000b58        0x4 src/USART.o
                0x08000b58                UART5_IRQHandler
 .text.USART6_IRQHandler
                0x08000b5c        0x4 src/USART.o
                0x08000b5c                USART6_IRQHandler
 .text.put_rc   0x08000b60       0x2c src/main.o
 .text.scan_files
                0x08000b8c       0x9c src/main.o
 .text.GPIOInit
                0x08000c28       0x5c src/main.o
                0x08000c28                GPIOInit
 .text.startup.main
                0x08000c84     0x13a0 src/main.o
                0x08000c84                main
 .text.TIM6_DAC_IRQHandler
                0x08002024       0x50 src/main.o
                0x08002024                TIM6_DAC_IRQHandler
 .text.SystemInit
                0x08002074      0x114 src/system_stm32f4xx.o
                0x08002074                SystemInit
 .text.xvprintf
                0x08002188      0x708 src/xprintf.o
 .text.xputc    0x08002890       0x4c src/xprintf.o
                0x08002890                xputc
 .text.xputs    0x080028dc       0x6c src/xprintf.o
                0x080028dc                xputs
 .text.xprintf  0x08002948       0x1c src/xprintf.o
                0x08002948                xprintf
 .text.put_dump
                0x08002964      0x13c src/xprintf.o
                0x08002964                put_dump
 .text.xgets    0x08002aa0      0x108 src/xprintf.o
                0x08002aa0                xgets
 .text.xatoi    0x08002ba8       0xb8 src/xprintf.o
                0x08002ba8                xatoi
 .text.ff_convert
                0x08002c60      0x1cc src/fatfs/option/cc932.o
                0x08002c60                ff_convert
 .text.ff_wtoupper
                0x08002e2c      0x148 src/fatfs/option/cc932.o
                0x08002e2c                ff_wtoupper
 .text.get_fileinfo
                0x08002f74       0xf0 src/fatfs/ff.o
 .text.unlikely.sync_window.part.1
                0x08003064       0x48 src/fatfs/ff.o
 .text.move_window
                0x080030ac       0x7c src/fatfs/ff.o
 .text.find_volume
                0x08003128      0x498 src/fatfs/ff.o
 .text.sync_fs  0x080035c0       0xfc src/fatfs/ff.o
 .text.put_fat.part.5
                0x080036bc      0x2bc src/fatfs/ff.o
 .text.remove_chain.part.7
                0x08003978      0x298 src/fatfs/ff.o
 .text.get_fat.part.4
                0x08003c10      0x26c src/fatfs/ff.o
 .text.dir_sdi  0x08003e7c       0xa0 src/fatfs/ff.o
 .text.create_chain
                0x08003f1c      0x328 src/fatfs/ff.o
 .text.dir_alloc
                0x08004244      0x1e0 src/fatfs/ff.o
 .text.dir_find.part.6
                0x08004424      0x32c src/fatfs/ff.o
 .text.dir_register
                0x08004750      0xa80 src/fatfs/ff.o
 .text.follow_path
                0x080051d0      0x3dc src/fatfs/ff.o
 .text.dir_read.constprop.9
                0x080055ac      0x44c src/fatfs/ff.o
 .text.dir_read
                0x080059f8      0x484 src/fatfs/ff.o
 .text.dir_remove
                0x08005e7c      0x138 src/fatfs/ff.o
 .text.f_mount  0x08005fb4       0x68 src/fatfs/ff.o
                0x08005fb4                f_mount
 .text.f_open   0x0800601c      0x6a4 src/fatfs/ff.o
                0x0800601c                f_open
 .text.f_read   0x080066c0      0x290 src/fatfs/ff.o
                0x080066c0                f_read
 .text.f_write  0x08006950      0x2f0 src/fatfs/ff.o
                0x08006950                f_write
 .text.f_close  0x08006c40      0x144 src/fatfs/ff.o
                0x08006c40                f_close
 .text.f_chdir  0x08006d84      0x4f4 src/fatfs/ff.o
                0x08006d84                f_chdir
 .text.f_getcwd
                0x08007278      0x208 src/fatfs/ff.o
                0x08007278                f_getcwd
 .text.f_lseek  0x08007480      0x184 src/fatfs/ff.o
                0x08007480                f_lseek
 .text.f_opendir
                0x08007604      0x51c src/fatfs/ff.o
                0x08007604                f_opendir
 .text.f_readdir
                0x08007b20       0xec src/fatfs/ff.o
                0x08007b20                f_readdir
 .text.f_getfree
                0x08007c0c      0x154 src/fatfs/ff.o
                0x08007c0c                f_getfree
 .text.f_truncate
                0x08007d60       0xe4 src/fatfs/ff.o
                0x08007d60                f_truncate
 .text.f_unlink
                0x08007e44      0x580 src/fatfs/ff.o
                0x08007e44                f_unlink
 .text.f_mkdir  0x080083c4      0x2c8 src/fatfs/ff.o
                0x080083c4                f_mkdir
 .text.f_chmod  0x0800868c      0x53c src/fatfs/ff.o
                0x0800868c                f_chmod
 .text.f_rename
                0x08008bc8      0x180 src/fatfs/ff.o
                0x08008bc8                f_rename
 .text.f_utime  0x08008d48      0x530 src/fatfs/ff.o
                0x08008d48                f_utime
 .text.f_getlabel
                0x08009278      0x6a8 src/fatfs/ff.o
                0x08009278                f_getlabel
 .text.f_setlabel
                0x08009920      0x1cc src/fatfs/ff.o
                0x08009920                f_setlabel
 .text.f_mkfs   0x08009aec      0x630 src/fatfs/ff.o
                0x08009aec                f_mkfs
 .text.rcvr_datablock
                0x0800a11c       0xc0 src/fatfs/mmc_32f1.o
 .text.xmit_datablock
                0x0800a1dc       0xcc src/fatfs/mmc_32f1.o
 .text.send_cmd
                0x0800a2a8      0x100 src/fatfs/mmc_32f1.o
 .text.disk_initialize
                0x0800a3a8      0x1c0 src/fatfs/mmc_32f1.o
                0x0800a3a8                disk_initialize
 .text.disk_status
                0x0800a568       0x14 src/fatfs/mmc_32f1.o
                0x0800a568                disk_status
 .text.disk_read
                0x0800a57c       0xa4 src/fatfs/mmc_32f1.o
                0x0800a57c                disk_read
 .text.disk_write
                0x0800a620       0xdc src/fatfs/mmc_32f1.o
                0x0800a620                disk_write
 .text.disk_ioctl
                0x0800a6fc      0x250 src/fatfs/mmc_32f1.o
                0x0800a6fc                disk_ioctl
 .text.disk_timerproc
                0x0800a94c       0x48 src/fatfs/mmc_32f1.o
                0x0800a94c                disk_timerproc
 .text.__libc_init_array
                0x0800a994       0x50 /home/evaota/Ac6/SystemWorkbench/plugins/fr.ac6.mcu.externaltools.arm-none.linux64_1.7.0.201602291252/tools/compiler/bin/../lib/gcc/arm-none-eabi/5.2.1/../../../../arm-none-eabi/lib/armv7e-m/fpu/libc.a(lib_a-init.o)
                0x0800a994                __libc_init_array
 .text.memset   0x0800a9e4       0x9c /home/evaota/Ac6/SystemWorkbench/plugins/fr.ac6.mcu.externaltools.arm-none.linux64_1.7.0.201602291252/tools/compiler/bin/../lib/gcc/arm-none-eabi/5.2.1/../../../../arm-none-eabi/lib/armv7e-m/fpu/libc.a(lib_a-memset.o)
                0x0800a9e4                memset
 .text.strchr   0x0800aa80       0xd0 /home/evaota/Ac6/SystemWorkbench/plugins/fr.ac6.mcu.externaltools.arm-none.linux64_1.7.0.201602291252/tools/compiler/bin/../lib/gcc/arm-none-eabi/5.2.1/../../../../arm-none-eabi/lib/armv7e-m/fpu/libc.a(lib_a-strchr.o)
                0x0800aa80                strchr
 .text.strcpy   0x0800ab50       0xbc /home/evaota/Ac6/SystemWorkbench/plugins/fr.ac6.mcu.externaltools.arm-none.linux64_1.7.0.201602291252/tools/compiler/bin/../lib/gcc/arm-none-eabi/5.2.1/../../../../arm-none-eabi/lib/armv7e-m/fpu/libc.a(lib_a-strcpy.o)
                0x0800ab50                strcpy
 .text.startup.register_fini
                0x0800ac0c       0x14 /home/evaota/Ac6/SystemWorkbench/plugins/fr.ac6.mcu.externaltools.arm-none.linux64_1.7.0.201602291252/tools/compiler/bin/../lib/gcc/arm-none-eabi/5.2.1/../../../../arm-none-eabi/lib/armv7e-m/fpu/libc.a(lib_a-__call_atexit.o)
 .text.atexit   0x0800ac20        0xc /home/evaota/Ac6/SystemWorkbench/plugins/fr.ac6.mcu.externaltools.arm-none.linux64_1.7.0.201602291252/tools/compiler/bin/../lib/gcc/arm-none-eabi/5.2.1/../../../../arm-none-eabi/lib/armv7e-m/fpu/libc.a(lib_a-atexit.o)
                0x0800ac20                atexit
 .text.__libc_fini_array
                0x0800ac2c       0x28 /home/evaota/Ac6/SystemWorkbench/plugins/fr.ac6.mcu.externaltools.arm-none.linux64_1.7.0.201602291252/tools/compiler/bin/../lib/gcc/arm-none-eabi/5.2.1/../../../../arm-none-eabi/lib/armv7e-m/fpu/libc.a(lib_a-fini.o)
                0x0800ac2c                __libc_fini_array
 .text.__register_exitproc
                0x0800ac54       0xa4 /home/evaota/Ac6/SystemWorkbench/plugins/fr.ac6.mcu.externaltools.arm-none.linux64_1.7.0.201602291252/tools/compiler/bin/../lib/gcc/arm-none-eabi/5.2.1/../../../../arm-none-eabi/lib/armv7e-m/fpu/libc.a(lib_a-__atexit.o)
                0x0800ac54                __register_exitproc
 *(.rodata)
 .rodata        0x0800acf8      0x760 src/main.o
                0x0800b358                sindata
 .rodata        0x0800b458     0xeea8 src/fatfs/option/cc932.o
 .rodata        0x0801a300       0x26 src/fatfs/ff.o
 *(.rodata*)
 *fill*         0x0801a326        0x2 
 .rodata.str1.4
                0x0801a328      0x40d src/main.o
                                0x415 (size before relaxing)
 *fill*         0x0801a735        0x3 
 .rodata.str1.4
                0x0801a738       0x1f src/xprintf.o
 *fill*         0x0801a757        0x1 
 .rodata.str1.4
                0x0801a758       0x58 src/fatfs/ff.o
 .rodata.str1.4
                0x0801a7b0        0x4 /home/evaota/Ac6/SystemWorkbench/plugins/fr.ac6.mcu.externaltools.arm-none.linux64_1.7.0.201602291252/tools/compiler/bin/../lib/gcc/arm-none-eabi/5.2.1/../../../../arm-none-eabi/lib/armv7e-m/fpu/libc.a(lib_a-impure.o)
                                  0x2 (size before relaxing)
 .rodata._global_impure_ptr
                0x0801a7b4        0x4 /home/evaota/Ac6/SystemWorkbench/plugins/fr.ac6.mcu.externaltools.arm-none.linux64_1.7.0.201602291252/tools/compiler/bin/../lib/gcc/arm-none-eabi/5.2.1/../../../../arm-none-eabi/lib/armv7e-m/fpu/libc.a(lib_a-impure.o)
                0x0801a7b4                _global_impure_ptr
 *(.glue_7)
 .glue_7        0x0801a7b8        0x0 linker stubs
 *(.glue_7t)
 .glue_7t       0x0801a7b8        0x0 linker stubs
 *(.eh_frame)
 .eh_frame      0x0801a7b8        0x0 /home/evaota/Ac6/SystemWorkbench/plugins/fr.ac6.mcu.externaltools.arm-none.linux64_1.7.0.201602291252/tools/compiler/bin/../lib/gcc/arm-none-eabi/5.2.1/armv7e-m/fpu/crtbegin.o
 *(.init)
 .init          0x0801a7b8        0x4 /home/evaota/Ac6/SystemWorkbench/plugins/fr.ac6.mcu.externaltools.arm-none.linux64_1.7.0.201602291252/tools/compiler/bin/../lib/gcc/arm-none-eabi/5.2.1/armv7e-m/fpu/crti.o
                0x0801a7b8                _init
 .init          0x0801a7bc        0x8 /home/evaota/Ac6/SystemWorkbench/plugins/fr.ac6.mcu.externaltools.arm-none.linux64_1.7.0.201602291252/tools/compiler/bin/../lib/gcc/arm-none-eabi/5.2.1/armv7e-m/fpu/crtn.o
 *(.fini)
 .fini          0x0801a7c4        0x4 /home/evaota/Ac6/SystemWorkbench/plugins/fr.ac6.mcu.externaltools.arm-none.linux64_1.7.0.201602291252/tools/compiler/bin/../lib/gcc/arm-none-eabi/5.2.1/armv7e-m/fpu/crti.o
                0x0801a7c4                _fini
 .fini          0x0801a7c8        0x8 /home/evaota/Ac6/SystemWorkbench/plugins/fr.ac6.mcu.externaltools.arm-none.linux64_1.7.0.201602291252/tools/compiler/bin/../lib/gcc/arm-none-eabi/5.2.1/armv7e-m/fpu/crtn.o
                0x0801a7d0                . = ALIGN (0x4)
                0x0801a7d0                _etext = .

.vfp11_veneer   0x0801a7d0        0x0
 .vfp11_veneer  0x0801a7d0        0x0 linker stubs

.v4_bx          0x0801a7d0        0x0
 .v4_bx         0x0801a7d0        0x0 linker stubs

.iplt           0x0801a7d0        0x0
 .iplt          0x0801a7d0        0x0 /home/evaota/Ac6/SystemWorkbench/plugins/fr.ac6.mcu.externaltools.arm-none.linux64_1.7.0.201602291252/tools/compiler/bin/../lib/gcc/arm-none-eabi/5.2.1/armv7e-m/fpu/crtbegin.o

.rel.dyn        0x0801a7d0        0x0
 .rel.iplt      0x0801a7d0        0x0 /home/evaota/Ac6/SystemWorkbench/plugins/fr.ac6.mcu.externaltools.arm-none.linux64_1.7.0.201602291252/tools/compiler/bin/../lib/gcc/arm-none-eabi/5.2.1/armv7e-m/fpu/crtbegin.o

.ARM.extab
 *(.ARM.extab* .gnu.linkonce.armextab.*)

.ARM            0x0801a7d0        0x0
                0x0801a7d0                __exidx_start = .
 *(.ARM.exidx*)
                0x0801a7d0                __exidx_end = .

.preinit_array  0x0801a7d0        0x0
                0x0801a7d0                PROVIDE (__preinit_array_start, .)
 *(.preinit_array*)
                0x0801a7d0                PROVIDE (__preinit_array_end, .)

.init_array     0x0801a7d0        0x8
                0x0801a7d0                PROVIDE (__init_array_start, .)
 *(SORT(.init_array.*))
 .init_array.00000
                0x0801a7d0        0x4 /home/evaota/Ac6/SystemWorkbench/plugins/fr.ac6.mcu.externaltools.arm-none.linux64_1.7.0.201602291252/tools/compiler/bin/../lib/gcc/arm-none-eabi/5.2.1/../../../../arm-none-eabi/lib/armv7e-m/fpu/libc.a(lib_a-__call_atexit.o)
 *(.init_array*)
 .init_array    0x0801a7d4        0x4 /home/evaota/Ac6/SystemWorkbench/plugins/fr.ac6.mcu.externaltools.arm-none.linux64_1.7.0.201602291252/tools/compiler/bin/../lib/gcc/arm-none-eabi/5.2.1/armv7e-m/fpu/crtbegin.o
                0x0801a7d8                PROVIDE (__init_array_end, .)

.fini_array     0x0801a7d8        0x4
                0x0801a7d8                PROVIDE (__fini_array_start, .)
 *(.fini_array*)
 .fini_array    0x0801a7d8        0x4 /home/evaota/Ac6/SystemWorkbench/plugins/fr.ac6.mcu.externaltools.arm-none.linux64_1.7.0.201602291252/tools/compiler/bin/../lib/gcc/arm-none-eabi/5.2.1/armv7e-m/fpu/crtbegin.o
 *(SORT(.fini_array.*))
                0x0801a7dc                PROVIDE (__fini_array_end, .)
                0x0801a7dc                _sidata = .

.data           0x20000000      0x438 load address 0x0801a7dc
                0x20000000                . = ALIGN (0x4)
                0x20000000                _sdata = .
 *(.data)
 .data          0x20000000        0xe src/CS43L22.o
                0x20000000                InitializeTable
 .data          0x2000000e        0x1 src/fatfs/mmc_32f1.o
 *(.data*)
 *fill*         0x2000000f        0x1 
 .data.impure_data
                0x20000010      0x428 /home/evaota/Ac6/SystemWorkbench/plugins/fr.ac6.mcu.externaltools.arm-none.linux64_1.7.0.201602291252/tools/compiler/bin/../lib/gcc/arm-none-eabi/5.2.1/../../../../arm-none-eabi/lib/armv7e-m/fpu/libc.a(lib_a-impure.o)
                0x20000438                . = ALIGN (0x4)
                0x20000438                _edata = .

.jcr            0x20000438        0x0 load address 0x0801ac14
 .jcr           0x20000438        0x0 /home/evaota/Ac6/SystemWorkbench/plugins/fr.ac6.mcu.externaltools.arm-none.linux64_1.7.0.201602291252/tools/compiler/bin/../lib/gcc/arm-none-eabi/5.2.1/armv7e-m/fpu/crtbegin.o

.tm_clone_table
                0x20000438        0x0 load address 0x0801ac14
 .tm_clone_table
                0x20000438        0x0 /home/evaota/Ac6/SystemWorkbench/plugins/fr.ac6.mcu.externaltools.arm-none.linux64_1.7.0.201602291252/tools/compiler/bin/../lib/gcc/arm-none-eabi/5.2.1/armv7e-m/fpu/crtbegin.o
 .tm_clone_table
                0x20000438        0x0 /home/evaota/Ac6/SystemWorkbench/plugins/fr.ac6.mcu.externaltools.arm-none.linux64_1.7.0.201602291252/tools/compiler/bin/../lib/gcc/arm-none-eabi/5.2.1/armv7e-m/fpu/crtend.o

.igot.plt       0x20000438        0x0 load address 0x0801ac14
 .igot.plt      0x20000438        0x0 /home/evaota/Ac6/SystemWorkbench/plugins/fr.ac6.mcu.externaltools.arm-none.linux64_1.7.0.201602291252/tools/compiler/bin/../lib/gcc/arm-none-eabi/5.2.1/armv7e-m/fpu/crtbegin.o
                0x20000438                . = ALIGN (0x4)

.bss            0x20000438     0x1cfc load address 0x0801ac14
                0x20000438                _sbss = .
                0x20000438                __bss_start__ = _sbss
 *(.bss)
 .bss           0x20000438       0x1c /home/evaota/Ac6/SystemWorkbench/plugins/fr.ac6.mcu.externaltools.arm-none.linux64_1.7.0.201602291252/tools/compiler/bin/../lib/gcc/arm-none-eabi/5.2.1/armv7e-m/fpu/crtbegin.o
 .bss           0x20000454        0x8 src/main.o
 .bss           0x2000045c        0x4 src/xprintf.o
 .bss           0x20000460      0x208 src/fatfs/ff.o
 .bss           0x20000668        0x9 src/fatfs/mmc_32f1.o
 *(.bss*)
 *(COMMON)
 *fill*         0x20000671        0x3 
 COMMON         0x20000674       0xea src/CS43L22.o
                0x20000674                OperateLen
                0x20000680                Receive
                0x200006e0                Transmit
                0x20000740                I2C2STATUS
                0x20000744                Counter
                0x20000750                Address
                0x2000075c                I2C1STATUS
                0x2000075d                I2C3STATUS
 *fill*         0x2000075e        0x2 
 COMMON         0x20000760     0x19cc src/main.o
                0x20000760                FatFs
                0x20000994                Finfo
                0x200009b4                File
                0x20000dfc                Timer
                0x20000e00                AccSize
                0x20000e04                Buff
                0x20001e04                Lfname
                0x20002004                Dir
                0x20002028                Line
                0x20002128                AccDirs
                0x2000212a                AccFiles
 COMMON         0x2000212c        0x8 src/xprintf.o
                0x2000212c                xfunc_in
                0x20002130                xfunc_out
                0x20002134                . = ALIGN (0x4)
                0x20002134                _ebss = .
                0x20002134                __bss_end__ = _ebss

._user_heap_stack
                0x20002134      0x404 load address 0x0801c910
                0x20002138                . = ALIGN (0x8)
 *fill*         0x20002134        0x4 
                0x20002138                PROVIDE (end, .)
                [!provide]                PROVIDE (_end, .)
                0x20002138                . = (. + _Min_Heap_Size)
                0x20002538                . = (. + _Min_Stack_Size)
 *fill*         0x20002138      0x400 
                0x20002538                . = ALIGN (0x8)

.memory_b1_text
 *(.mb1text)
 *(.mb1text*)
 *(.mb1rodata)
 *(.mb1rodata*)

/DISCARD/
 libc.a(*)
 libm.a(*)
 libgcc.a(*)

.ARM.attributes
                0x00000000       0x30
 *(.ARM.attributes)
 .ARM.attributes
                0x00000000       0x22 /home/evaota/Ac6/SystemWorkbench/plugins/fr.ac6.mcu.externaltools.arm-none.linux64_1.7.0.201602291252/tools/compiler/bin/../lib/gcc/arm-none-eabi/5.2.1/armv7e-m/fpu/crti.o
 .ARM.attributes
                0x00000022       0x34 /home/evaota/Ac6/SystemWorkbench/plugins/fr.ac6.mcu.externaltools.arm-none.linux64_1.7.0.201602291252/tools/compiler/bin/../lib/gcc/arm-none-eabi/5.2.1/armv7e-m/fpu/crtbegin.o
 .ARM.attributes
                0x00000056       0x21 startup/startup_stm32f4xx.o
 .ARM.attributes
                0x00000077       0x39 src/BasicTimer.o
 .ARM.attributes
                0x000000b0       0x39 src/CS43L22.o
 .ARM.attributes
                0x000000e9       0x39 src/I2CMaster.o
 .ARM.attributes
                0x00000122       0x39 src/I2CMasterHandler.o
 .ARM.attributes
                0x0000015b       0x39 src/SPI.o
 .ARM.attributes
                0x00000194       0x39 src/USART.o
 .ARM.attributes
                0x000001cd       0x39 src/main.o
 .ARM.attributes
                0x00000206       0x39 src/system_stm32f4xx.o
 .ARM.attributes
                0x0000023f       0x39 src/xprintf.o
 .ARM.attributes
                0x00000278       0x39 src/fatfs/option/cc932.o
 .ARM.attributes
                0x000002b1       0x39 src/fatfs/ff.o
 .ARM.attributes
                0x000002ea       0x39 src/fatfs/mmc_32f1.o
 .ARM.attributes
                0x00000323       0x34 /home/evaota/Ac6/SystemWorkbench/plugins/fr.ac6.mcu.externaltools.arm-none.linux64_1.7.0.201602291252/tools/compiler/bin/../lib/gcc/arm-none-eabi/5.2.1/../../../../arm-none-eabi/lib/armv7e-m/fpu/libc.a(lib_a-impure.o)
 .ARM.attributes
                0x00000357       0x34 /home/evaota/Ac6/SystemWorkbench/plugins/fr.ac6.mcu.externaltools.arm-none.linux64_1.7.0.201602291252/tools/compiler/bin/../lib/gcc/arm-none-eabi/5.2.1/../../../../arm-none-eabi/lib/armv7e-m/fpu/libc.a(lib_a-init.o)
 .ARM.attributes
                0x0000038b       0x34 /home/evaota/Ac6/SystemWorkbench/plugins/fr.ac6.mcu.externaltools.arm-none.linux64_1.7.0.201602291252/tools/compiler/bin/../lib/gcc/arm-none-eabi/5.2.1/../../../../arm-none-eabi/lib/armv7e-m/fpu/libc.a(lib_a-memset.o)
 .ARM.attributes
                0x000003bf       0x34 /home/evaota/Ac6/SystemWorkbench/plugins/fr.ac6.mcu.externaltools.arm-none.linux64_1.7.0.201602291252/tools/compiler/bin/../lib/gcc/arm-none-eabi/5.2.1/../../../../arm-none-eabi/lib/armv7e-m/fpu/libc.a(lib_a-strchr.o)
 .ARM.attributes
                0x000003f3       0x34 /home/evaota/Ac6/SystemWorkbench/plugins/fr.ac6.mcu.externaltools.arm-none.linux64_1.7.0.201602291252/tools/compiler/bin/../lib/gcc/arm-none-eabi/5.2.1/../../../../arm-none-eabi/lib/armv7e-m/fpu/libc.a(lib_a-strcpy.o)
 .ARM.attributes
                0x00000427       0x20 /home/evaota/Ac6/SystemWorkbench/plugins/fr.ac6.mcu.externaltools.arm-none.linux64_1.7.0.201602291252/tools/compiler/bin/../lib/gcc/arm-none-eabi/5.2.1/../../../../arm-none-eabi/lib/armv7e-m/fpu/libc.a(lib_a-strlen.o)
 .ARM.attributes
                0x00000447       0x34 /home/evaota/Ac6/SystemWorkbench/plugins/fr.ac6.mcu.externaltools.arm-none.linux64_1.7.0.201602291252/tools/compiler/bin/../lib/gcc/arm-none-eabi/5.2.1/../../../../arm-none-eabi/lib/armv7e-m/fpu/libc.a(lib_a-__call_atexit.o)
 .ARM.attributes
                0x0000047b       0x34 /home/evaota/Ac6/SystemWorkbench/plugins/fr.ac6.mcu.externaltools.arm-none.linux64_1.7.0.201602291252/tools/compiler/bin/../lib/gcc/arm-none-eabi/5.2.1/../../../../arm-none-eabi/lib/armv7e-m/fpu/libc.a(lib_a-atexit.o)
 .ARM.attributes
                0x000004af       0x34 /home/evaota/Ac6/SystemWorkbench/plugins/fr.ac6.mcu.externaltools.arm-none.linux64_1.7.0.201602291252/tools/compiler/bin/../lib/gcc/arm-none-eabi/5.2.1/../../../../arm-none-eabi/lib/armv7e-m/fpu/libc.a(lib_a-fini.o)
 .ARM.attributes
                0x000004e3       0x34 /home/evaota/Ac6/SystemWorkbench/plugins/fr.ac6.mcu.externaltools.arm-none.linux64_1.7.0.201602291252/tools/compiler/bin/../lib/gcc/arm-none-eabi/5.2.1/../../../../arm-none-eabi/lib/armv7e-m/fpu/libc.a(lib_a-__atexit.o)
 .ARM.attributes
                0x00000517       0x34 /home/evaota/Ac6/SystemWorkbench/plugins/fr.ac6.mcu.externaltools.arm-none.linux64_1.7.0.201602291252/tools/compiler/bin/../lib/gcc/arm-none-eabi/5.2.1/armv7e-m/fpu/crtend.o
 .ARM.attributes
                0x0000054b       0x22 /home/evaota/Ac6/SystemWorkbench/plugins/fr.ac6.mcu.externaltools.arm-none.linux64_1.7.0.201602291252/tools/compiler/bin/../lib/gcc/arm-none-eabi/5.2.1/armv7e-m/fpu/crtn.o
OUTPUT(NewTest.elf elf32-littlearm)

.debug_line     0x00000000     0x7b66
 .debug_line    0x00000000       0x7b startup/startup_stm32f4xx.o
 .debug_line    0x0000007b      0x6f3 src/BasicTimer.o
 .debug_line    0x0000076e      0x69d src/CS43L22.o
 .debug_line    0x00000e0b      0x7f7 src/I2CMaster.o
 .debug_line    0x00001602      0x733 src/I2CMasterHandler.o
 .debug_line    0x00001d35      0x7e4 src/SPI.o
 .debug_line    0x00002519      0x784 src/USART.o
 .debug_line    0x00002c9d      0xd59 src/main.o
 .debug_line    0x000039f6      0x696 src/system_stm32f4xx.o
 .debug_line    0x0000408c      0x5c9 src/xprintf.o
 .debug_line    0x00004655      0x128 src/fatfs/option/cc932.o
 .debug_line    0x0000477d     0x2a2b src/fatfs/ff.o
 .debug_line    0x000071a8      0x9be src/fatfs/mmc_32f1.o

.debug_info     0x00000000    0x1007d
 .debug_info    0x00000000       0x69 startup/startup_stm32f4xx.o
 .debug_info    0x00000069      0x8df src/BasicTimer.o
 .debug_info    0x00000948      0x591 src/CS43L22.o
 .debug_info    0x00000ed9      0xdbc src/I2CMaster.o
 .debug_info    0x00001c95      0x53f src/I2CMasterHandler.o
 .debug_info    0x000021d4      0x682 src/SPI.o
 .debug_info    0x00002856      0x57e src/USART.o
 .debug_info    0x00002dd4     0x25b8 src/main.o
 .debug_info    0x0000538c      0x5bf src/system_stm32f4xx.o
 .debug_info    0x0000594b      0xd59 src/xprintf.o
 .debug_info    0x000066a4      0x1f3 src/fatfs/option/cc932.o
 .debug_info    0x00006897     0x83be src/fatfs/ff.o
 .debug_info    0x0000ec55     0x1428 src/fatfs/mmc_32f1.o

.debug_abbrev   0x00000000     0x19fe
 .debug_abbrev  0x00000000       0x12 startup/startup_stm32f4xx.o
 .debug_abbrev  0x00000012      0x19e src/BasicTimer.o
 .debug_abbrev  0x000001b0      0x19a src/CS43L22.o
 .debug_abbrev  0x0000034a      0x2a8 src/I2CMaster.o
 .debug_abbrev  0x000005f2      0x1d3 src/I2CMasterHandler.o
 .debug_abbrev  0x000007c5      0x1cb src/SPI.o
 .debug_abbrev  0x00000990      0x118 src/USART.o
 .debug_abbrev  0x00000aa8      0x37e src/main.o
 .debug_abbrev  0x00000e26      0x164 src/system_stm32f4xx.o
 .debug_abbrev  0x00000f8a      0x33f src/xprintf.o
 .debug_abbrev  0x000012c9       0xd0 src/fatfs/option/cc932.o
 .debug_abbrev  0x00001399      0x33a src/fatfs/ff.o
 .debug_abbrev  0x000016d3      0x32b src/fatfs/mmc_32f1.o

.debug_aranges  0x00000000      0x4e8
 .debug_aranges
                0x00000000       0x28 startup/startup_stm32f4xx.o
 .debug_aranges
                0x00000028       0x30 src/BasicTimer.o
 .debug_aranges
                0x00000058       0x30 src/CS43L22.o
 .debug_aranges
                0x00000088       0x40 src/I2CMaster.o
 .debug_aranges
                0x000000c8       0x40 src/I2CMasterHandler.o
 .debug_aranges
                0x00000108       0x78 src/SPI.o
 .debug_aranges
                0x00000180       0x88 src/USART.o
 .debug_aranges
                0x00000208       0x50 src/main.o
 .debug_aranges
                0x00000258       0x28 src/system_stm32f4xx.o
 .debug_aranges
                0x00000280       0x70 src/xprintf.o
 .debug_aranges
                0x000002f0       0x28 src/fatfs/option/cc932.o
 .debug_aranges
                0x00000318      0x170 src/fatfs/ff.o
 .debug_aranges
                0x00000488       0x60 src/fatfs/mmc_32f1.o

.debug_ranges   0x00000000     0x3078
 .debug_ranges  0x00000000       0x20 startup/startup_stm32f4xx.o
 .debug_ranges  0x00000020       0x60 src/BasicTimer.o
 .debug_ranges  0x00000080       0x20 src/CS43L22.o
 .debug_ranges  0x000000a0      0x148 src/I2CMaster.o
 .debug_ranges  0x000001e8       0xb0 src/I2CMasterHandler.o
 .debug_ranges  0x00000298       0x90 src/SPI.o
 .debug_ranges  0x00000328       0x78 src/USART.o
 .debug_ranges  0x000003a0       0xd8 src/main.o
 .debug_ranges  0x00000478       0x30 src/system_stm32f4xx.o
 .debug_ranges  0x000004a8      0x5e8 src/xprintf.o
 .debug_ranges  0x00000a90       0x18 src/fatfs/option/cc932.o
 .debug_ranges  0x00000aa8     0x23f0 src/fatfs/ff.o
 .debug_ranges  0x00002e98      0x1e0 src/fatfs/mmc_32f1.o

.debug_loc      0x00000000    0x182ca
 .debug_loc     0x00000000       0x2a src/BasicTimer.o
 .debug_loc     0x0000002a      0x14c src/CS43L22.o
 .debug_loc     0x00000176      0x6d4 src/I2CMaster.o
 .debug_loc     0x0000084a      0x164 src/I2CMasterHandler.o
 .debug_loc     0x000009ae       0xc6 src/SPI.o
 .debug_loc     0x00000a74      0xc45 src/main.o
 .debug_loc     0x000016b9      0x13b src/system_stm32f4xx.o
 .debug_loc     0x000017f4     0x1ca0 src/xprintf.o
 .debug_loc     0x00003494      0x75b src/fatfs/option/cc932.o
 .debug_loc     0x00003bef    0x13735 src/fatfs/ff.o
 .debug_loc     0x00017324      0xfa6 src/fatfs/mmc_32f1.o

.debug_macro    0x00000000     0x264a
 .debug_macro   0x00000000      0x1b9 src/BasicTimer.o
 .debug_macro   0x000001b9      0x1ce src/CS43L22.o
 .debug_macro   0x00000387       0xb2 src/CS43L22.o
 .debug_macro   0x00000439      0x1bd src/I2CMaster.o
 .debug_macro   0x000005f6      0x1bd src/I2CMasterHandler.o
 .debug_macro   0x000007b3      0x1be src/SPI.o
 .debug_macro   0x00000971       0x88 src/SPI.o
 .debug_macro   0x000009f9      0x1b4 src/USART.o
 .debug_macro   0x00000bad       0xca src/USART.o
 .debug_macro   0x00000c77      0x2d9 src/main.o
 .debug_macro   0x00000f50       0x88 src/main.o
 .debug_macro   0x00000fd8       0xa0 src/main.o
 .debug_macro   0x00001078       0x58 src/main.o
 .debug_macro   0x000010d0       0x35 src/main.o
 .debug_macro   0x00001105       0x9c src/main.o
 .debug_macro   0x000011a1      0x174 src/main.o
 .debug_macro   0x00001315       0x52 src/main.o
 .debug_macro   0x00001367       0x16 src/main.o
 .debug_macro   0x0000137d       0x43 src/main.o
 .debug_macro   0x000013c0      0x187 src/main.o
 .debug_macro   0x00001547      0x329 src/main.o
 .debug_macro   0x00001870       0x10 src/main.o
 .debug_macro   0x00001880       0x35 src/main.o
 .debug_macro   0x000018b5       0xd0 src/main.o
 .debug_macro   0x00001985       0xb8 src/main.o
 .debug_macro   0x00001a3d       0x8e src/main.o
 .debug_macro   0x00001acb       0x28 src/main.o
 .debug_macro   0x00001af3       0x22 src/main.o
 .debug_macro   0x00001b15       0x40 src/main.o
 .debug_macro   0x00001b55       0x16 src/main.o
 .debug_macro   0x00001b6b       0xa6 src/main.o
 .debug_macro   0x00001c11       0xdc src/main.o
 .debug_macro   0x00001ced       0xf5 src/main.o
 .debug_macro   0x00001de2      0x1d7 src/system_stm32f4xx.o
 .debug_macro   0x00001fb9       0x23 src/xprintf.o
 .debug_macro   0x00001fdc       0x58 src/xprintf.o
 .debug_macro   0x00002034       0x39 src/fatfs/option/cc932.o
 .debug_macro   0x0000206d      0x2b3 src/fatfs/ff.o
 .debug_macro   0x00002320       0xb8 src/fatfs/ff.o
 .debug_macro   0x000023d8      0x272 src/fatfs/mmc_32f1.o

.debug_str      0x00000000    0x5b65f
 .debug_str     0x00000000    0x561b2 src/BasicTimer.o
                              0x56378 (size before relaxing)
 .debug_str     0x000561b2      0x33d src/CS43L22.o
                              0x55f6a (size before relaxing)
 .debug_str     0x000564ef       0xe4 src/I2CMaster.o
                              0x56638 (size before relaxing)
 .debug_str     0x000565d3       0x63 src/I2CMasterHandler.o
                              0x55f85 (size before relaxing)
 .debug_str     0x00056636      0x24e src/SPI.o
                              0x55fca (size before relaxing)
 .debug_str     0x00056884      0x290 src/USART.o
                              0x55fa6 (size before relaxing)
 .debug_str     0x00056b14     0x3caf src/main.o
                              0x5a0b2 (size before relaxing)
 .debug_str     0x0005a7c3      0x116 src/system_stm32f4xx.o
                              0x55e45 (size before relaxing)
 .debug_str     0x0005a8d9      0x166 src/xprintf.o
                               0x2855 (size before relaxing)
 .debug_str     0x0005aa3f       0x59 src/fatfs/option/cc932.o
                               0x2bef (size before relaxing)
 .debug_str     0x0005aa98      0x949 src/fatfs/ff.o
                               0x3a54 (size before relaxing)
 .debug_str     0x0005b3e1      0x27e src/fatfs/mmc_32f1.o
                              0x56394 (size before relaxing)

.comment        0x00000000       0x6e
 .comment       0x00000000       0x6e src/BasicTimer.o
                                 0x6f (size before relaxing)
 .comment       0x0000006e       0x6f src/CS43L22.o
 .comment       0x0000006e       0x6f src/I2CMaster.o
 .comment       0x0000006e       0x6f src/I2CMasterHandler.o
 .comment       0x0000006e       0x6f src/SPI.o
 .comment       0x0000006e       0x6f src/USART.o
 .comment       0x0000006e       0x6f src/main.o
 .comment       0x0000006e       0x6f src/system_stm32f4xx.o
 .comment       0x0000006e       0x6f src/xprintf.o
 .comment       0x0000006e       0x6f src/fatfs/option/cc932.o
 .comment       0x0000006e       0x6f src/fatfs/ff.o
 .comment       0x0000006e       0x6f src/fatfs/mmc_32f1.o

.debug_frame    0x00000000     0x1354
 .debug_frame   0x00000000       0x58 src/BasicTimer.o
 .debug_frame   0x00000058       0x6c src/CS43L22.o
 .debug_frame   0x000000c4       0x9c src/I2CMaster.o
 .debug_frame   0x00000160       0x7c src/I2CMasterHandler.o
 .debug_frame   0x000001dc       0xe4 src/SPI.o
 .debug_frame   0x000002c0      0x140 src/USART.o
 .debug_frame   0x00000400       0xc0 src/main.o
 .debug_frame   0x000004c0       0x3c src/system_stm32f4xx.o
 .debug_frame   0x000004fc      0x210 src/xprintf.o
 .debug_frame   0x0000070c       0x68 src/fatfs/option/cc932.o
 .debug_frame   0x00000774      0x914 src/fatfs/ff.o
 .debug_frame   0x00001088      0x128 src/fatfs/mmc_32f1.o
 .debug_frame   0x000011b0       0x2c /home/evaota/Ac6/SystemWorkbench/plugins/fr.ac6.mcu.externaltools.arm-none.linux64_1.7.0.201602291252/tools/compiler/bin/../lib/gcc/arm-none-eabi/5.2.1/../../../../arm-none-eabi/lib/armv7e-m/fpu/libc.a(lib_a-init.o)
 .debug_frame   0x000011dc       0x34 /home/evaota/Ac6/SystemWorkbench/plugins/fr.ac6.mcu.externaltools.arm-none.linux64_1.7.0.201602291252/tools/compiler/bin/../lib/gcc/arm-none-eabi/5.2.1/../../../../arm-none-eabi/lib/armv7e-m/fpu/libc.a(lib_a-memset.o)
 .debug_frame   0x00001210       0x4c /home/evaota/Ac6/SystemWorkbench/plugins/fr.ac6.mcu.externaltools.arm-none.linux64_1.7.0.201602291252/tools/compiler/bin/../lib/gcc/arm-none-eabi/5.2.1/../../../../arm-none-eabi/lib/armv7e-m/fpu/libc.a(lib_a-strchr.o)
 .debug_frame   0x0000125c       0x20 /home/evaota/Ac6/SystemWorkbench/plugins/fr.ac6.mcu.externaltools.arm-none.linux64_1.7.0.201602291252/tools/compiler/bin/../lib/gcc/arm-none-eabi/5.2.1/../../../../arm-none-eabi/lib/armv7e-m/fpu/libc.a(lib_a-strcpy.o)
 .debug_frame   0x0000127c       0x50 /home/evaota/Ac6/SystemWorkbench/plugins/fr.ac6.mcu.externaltools.arm-none.linux64_1.7.0.201602291252/tools/compiler/bin/../lib/gcc/arm-none-eabi/5.2.1/../../../../arm-none-eabi/lib/armv7e-m/fpu/libc.a(lib_a-__call_atexit.o)
 .debug_frame   0x000012cc       0x20 /home/evaota/Ac6/SystemWorkbench/plugins/fr.ac6.mcu.externaltools.arm-none.linux64_1.7.0.201602291252/tools/compiler/bin/../lib/gcc/arm-none-eabi/5.2.1/../../../../arm-none-eabi/lib/armv7e-m/fpu/libc.a(lib_a-atexit.o)
 .debug_frame   0x000012ec       0x34 /home/evaota/Ac6/SystemWorkbench/plugins/fr.ac6.mcu.externaltools.arm-none.linux64_1.7.0.201602291252/tools/compiler/bin/../lib/gcc/arm-none-eabi/5.2.1/../../../../arm-none-eabi/lib/armv7e-m/fpu/libc.a(lib_a-fini.o)
 .debug_frame   0x00001320       0x34 /home/evaota/Ac6/SystemWorkbench/plugins/fr.ac6.mcu.externaltools.arm-none.linux64_1.7.0.201602291252/tools/compiler/bin/../lib/gcc/arm-none-eabi/5.2.1/../../../../arm-none-eabi/lib/armv7e-m/fpu/libc.a(lib_a-__atexit.o)
