Archive member included because of file (symbol)

/home/evaota/LPCXpresso/workspace/CMSISv2p00_LPC17xx/Debug/libCMSISv2p00_LPC17xx.a(system_LPC17xx.o)
                              ./src/cr_startup_lpc175x_6x.o (SystemInit)
/usr/local/lpcxpresso_7.9.2_493/lpcxpresso/tools/bin/../lib/gcc/arm-none-eabi/4.9.3/../../../../arm-none-eabi/lib/armv7-m/libcr_semihost.a(_cr__main.o)
                              ./src/cr_startup_lpc175x_6x.o (__main)
/usr/local/lpcxpresso_7.9.2_493/lpcxpresso/tools/bin/../lib/gcc/arm-none-eabi/4.9.3/../../../../arm-none-eabi/lib/armv7-m/libcr_c.a(memset.o)
                              ./src/ElectricBoard.o (memset)
/usr/local/lpcxpresso_7.9.2_493/lpcxpresso/tools/bin/../lib/gcc/arm-none-eabi/4.9.3/../../../../arm-none-eabi/lib/armv7-m/libcr_c.a(fpprintf.o)
                              ./src/UART.o (sprintf)
/usr/local/lpcxpresso_7.9.2_493/lpcxpresso/tools/bin/../lib/gcc/arm-none-eabi/4.9.3/../../../../arm-none-eabi/lib/armv7-m/libcr_c.a(initio.o)
                              /usr/local/lpcxpresso_7.9.2_493/lpcxpresso/tools/bin/../lib/gcc/arm-none-eabi/4.9.3/../../../../arm-none-eabi/lib/armv7-m/libcr_semihost.a(_cr__main.o) (_initio)
/usr/local/lpcxpresso_7.9.2_493/lpcxpresso/tools/bin/../lib/gcc/arm-none-eabi/4.9.3/../../../../arm-none-eabi/lib/armv7-m/libcr_c.a(printf.o)
                              /usr/local/lpcxpresso_7.9.2_493/lpcxpresso/tools/bin/../lib/gcc/arm-none-eabi/4.9.3/../../../../arm-none-eabi/lib/armv7-m/libcr_c.a(fpprintf.o) (__vfprintf)
/usr/local/lpcxpresso_7.9.2_493/lpcxpresso/tools/bin/../lib/gcc/arm-none-eabi/4.9.3/../../../../arm-none-eabi/lib/armv7-m/libcr_c.a(setvbuf.o)
                              /usr/local/lpcxpresso_7.9.2_493/lpcxpresso/tools/bin/../lib/gcc/arm-none-eabi/4.9.3/../../../../arm-none-eabi/lib/armv7-m/libcr_c.a(initio.o) (setvbuf)
/usr/local/lpcxpresso_7.9.2_493/lpcxpresso/tools/bin/../lib/gcc/arm-none-eabi/4.9.3/../../../../arm-none-eabi/lib/armv7-m/libcr_c.a(sin.o)
                              ./src/Panel.o (sin)
/usr/local/lpcxpresso_7.9.2_493/lpcxpresso/tools/bin/../lib/gcc/arm-none-eabi/4.9.3/../../../../arm-none-eabi/lib/armv7-m/libcr_c.a(stdio.o)
                              /usr/local/lpcxpresso_7.9.2_493/lpcxpresso/tools/bin/../lib/gcc/arm-none-eabi/4.9.3/../../../../arm-none-eabi/lib/armv7-m/libcr_c.a(fpprintf.o) (__Ciob)
/usr/local/lpcxpresso_7.9.2_493/lpcxpresso/tools/bin/../lib/gcc/arm-none-eabi/4.9.3/../../../../arm-none-eabi/lib/armv7-m/libcr_c.a(strchr.o)
                              ./src/ElectricBoard.o (strchr)
/usr/local/lpcxpresso_7.9.2_493/lpcxpresso/tools/bin/../lib/gcc/arm-none-eabi/4.9.3/../../../../arm-none-eabi/lib/armv7-m/libcr_c.a(strcpy.o)
                              ./src/ElectricBoard.o (strcpy)
/usr/local/lpcxpresso_7.9.2_493/lpcxpresso/tools/bin/../lib/gcc/arm-none-eabi/4.9.3/../../../../arm-none-eabi/lib/armv7-m/libcr_c.a(strlen.o)
                              ./src/ElectricBoard.o (strlen)
/usr/local/lpcxpresso_7.9.2_493/lpcxpresso/tools/bin/../lib/gcc/arm-none-eabi/4.9.3/../../../../arm-none-eabi/lib/armv7-m/libcr_c.a(__fillbuf.o)
                              /usr/local/lpcxpresso_7.9.2_493/lpcxpresso/tools/bin/../lib/gcc/arm-none-eabi/4.9.3/../../../../arm-none-eabi/lib/armv7-m/libcr_c.a(stdio.o) (__filbuf)
/usr/local/lpcxpresso_7.9.2_493/lpcxpresso/tools/bin/../lib/gcc/arm-none-eabi/4.9.3/../../../../arm-none-eabi/lib/armv7-m/libcr_c.a(_deferredlazyseek.o)
                              /usr/local/lpcxpresso_7.9.2_493/lpcxpresso/tools/bin/../lib/gcc/arm-none-eabi/4.9.3/../../../../arm-none-eabi/lib/armv7-m/libcr_c.a(__fillbuf.o) (_deferredlazyseek)
/usr/local/lpcxpresso_7.9.2_493/lpcxpresso/tools/bin/../lib/gcc/arm-none-eabi/4.9.3/../../../../arm-none-eabi/lib/armv7-m/libcr_c.a(_fdopen.o)
                              /usr/local/lpcxpresso_7.9.2_493/lpcxpresso/tools/bin/../lib/gcc/arm-none-eabi/4.9.3/../../../../arm-none-eabi/lib/armv7-m/libcr_c.a(initio.o) (_fdopen)
/usr/local/lpcxpresso_7.9.2_493/lpcxpresso/tools/bin/../lib/gcc/arm-none-eabi/4.9.3/../../../../arm-none-eabi/lib/armv7-m/libcr_c.a(_fflush.o)
                              /usr/local/lpcxpresso_7.9.2_493/lpcxpresso/tools/bin/../lib/gcc/arm-none-eabi/4.9.3/../../../../arm-none-eabi/lib/armv7-m/libcr_c.a(__fillbuf.o) (_fflush)
/usr/local/lpcxpresso_7.9.2_493/lpcxpresso/tools/bin/../lib/gcc/arm-none-eabi/4.9.3/../../../../arm-none-eabi/lib/armv7-m/libcr_c.a(_frexpl.o)
                              /usr/local/lpcxpresso_7.9.2_493/lpcxpresso/tools/bin/../lib/gcc/arm-none-eabi/4.9.3/../../../../arm-none-eabi/lib/armv7-m/libcr_c.a(fpprintf.o) (_frexpl)
/usr/local/lpcxpresso_7.9.2_493/lpcxpresso/tools/bin/../lib/gcc/arm-none-eabi/4.9.3/../../../../arm-none-eabi/lib/armv7-m/libcr_c.a(_ldexpl.o)
                              /usr/local/lpcxpresso_7.9.2_493/lpcxpresso/tools/bin/../lib/gcc/arm-none-eabi/4.9.3/../../../../arm-none-eabi/lib/armv7-m/libcr_c.a(fpprintf.o) (_ldexpl)
[...]
Memory Configuration

Name             Origin             Length             Attributes
MFlash512        0x00000000         0x00080000         xr
RamLoc32         0x10000000         0x00008000         xrw
RamAHB32         0x2007c000         0x00008000         xrw
*default*        0x00000000         0xffffffff

Linker script and memory map

LOAD ./src/fatfs/option/syscall.o
LOAD ./src/fatfs/option/unicode.o
LOAD ./src/fatfs/crp.o
LOAD ./src/fatfs/ff.o
LOAD ./src/fatfs/mmc_ssp.o
LOAD ./src/fatfs/rtc176x.o
LOAD ./src/ElectricBoard.o
LOAD ./src/Panel.o
LOAD ./src/SPI.o
LOAD ./src/TImer.o
LOAD ./src/UART.o
LOAD ./src/cr_startup_lpc175x_6x.o
LOAD ./src/crp.o
LOAD ./src/xprintf.o
LOAD /home/evaota/LPCXpresso/workspace/CMSISv2p00_LPC17xx/Debug/libCMSISv2p00_LPC17xx.a
START GROUP
LOAD /usr/local/lpcxpresso_7.9.2_493/lpcxpresso/tools/bin/../lib/gcc/arm-none-eabi/4.9.3/../../../../arm-none-eabi/lib/armv7-m/libcr_semihost.a
LOAD /usr/local/lpcxpresso_7.9.2_493/lpcxpresso/tools/bin/../lib/gcc/arm-none-eabi/4.9.3/../../../../arm-none-eabi/lib/armv7-m/libcr_c.a
LOAD /usr/local/lpcxpresso_7.9.2_493/lpcxpresso/tools/bin/../lib/gcc/arm-none-eabi/4.9.3/armv7-m/libcr_eabihelpers.a
END GROUP
                0x00000000                __base_MFlash512 = 0x0
                0x00000000                __base_Flash = 0x0
                0x00080000                __top_MFlash512 = 0x80000
                0x00080000                __top_Flash = 0x80000
                0x10000000                __base_RamLoc32 = 0x10000000
                0x10000000                __base_RAM = 0x10000000
                0x10008000                __top_RamLoc32 = 0x10008000
                0x10008000                __top_RAM = 0x10008000
                0x2007c000                __base_RamAHB32 = 0x2007c000
                0x2007c000                __base_RAM2 = 0x2007c000
                0x20084000                __top_RamAHB32 = 0x20084000
                0x20084000                __top_RAM2 = 0x20084000

.text           0x00000000     0xc03c
 FILL mask 0xff
                0x00000000                __vectors_start__ = ABSOLUTE (.)
 *(.isr_vector)
 .isr_vector    0x00000000       0xcc ./src/cr_startup_lpc175x_6x.o
                0x00000000                g_pfnVectors
                0x000000cc                . = ALIGN (0x4)
                0x000000cc                __section_table_start = .
                0x000000cc                __data_section_table = .
                0x000000cc        0x4 LONG 0xc03c LOADADDR (.data)
                0x000000d0        0x4 LONG 0x10000000 ADDR (.data)
                0x000000d4        0x4 LONG 0x8 SIZEOF (.data)
                0x000000d8        0x4 LONG 0xc03c LOADADDR (.data_RAM2)
                0x000000dc        0x4 LONG 0x2007c000 ADDR (.data_RAM2)
                0x000000e0        0x4 LONG 0x0 SIZEOF (.data_RAM2)
                0x000000e4                __data_section_table_end = .
                0x000000e4                __bss_section_table = .
                0x000000e4        0x4 LONG 0x10000008 ADDR (.bss)
                0x000000e8        0x4 LONG 0x593c SIZEOF (.bss)
                0x000000ec        0x4 LONG 0x2007c000 ADDR (.bss_RAM2)
                0x000000f0        0x4 LONG 0x0 SIZEOF (.bss_RAM2)
                0x000000f4                __bss_section_table_end = .
                0x000000f4                __section_table_end = .
 *(.after_vectors*)
 .after_vectors
                0x000000f4       0xd0 ./src/cr_startup_lpc175x_6x.o
                0x000000f4                NMI_Handler
                0x000000f8                HardFault_Handler
                0x000000fc                MemManage_Handler
                0x00000100                BusFault_Handler
                0x00000104                UsageFault_Handler
                0x00000108                SVC_Handler
                0x0000010c                DebugMon_Handler
                0x00000110                PendSV_Handler
                0x00000118                TIMER2_IRQHandler
                0x00000118                RIT_IRQHandler
                0x00000118                I2C0_IRQHandler
                0x00000118                USBActivity_IRQHandler
                0x00000118                PWM1_IRQHandler
                0x00000118                I2C1_IRQHandler
                0x00000118                EINT2_IRQHandler
                0x00000118                UART1_IRQHandler
                0x00000118                EINT3_IRQHandler
                0x00000118                CANActivity_IRQHandler
                0x00000118                TIMER3_IRQHandler
                0x00000118                UART0_IRQHandler
                0x00000118                IntDefaultHandler
                0x00000118                PLL0_IRQHandler
                0x00000118                CAN_IRQHandler
                0x00000118                PLL1_IRQHandler
                0x00000118                SSP0_IRQHandler
                0x00000118                I2S_IRQHandler
                0x00000118                I2C2_IRQHandler
                0x00000118                RTC_IRQHandler
                0x00000118                SPI_IRQHandler
                0x00000118                EINT1_IRQHandler
                0x00000118                TIMER1_IRQHandler
                0x00000118                UART2_IRQHandler
                0x00000118                ADC_IRQHandler
                0x00000118                SSP1_IRQHandler
                0x00000118                USB_IRQHandler
                0x00000118                BOD_IRQHandler
                0x00000118                WDT_IRQHandler
                0x00000118                QEI_IRQHandler
                0x00000118                EINT0_IRQHandler
                0x00000118                DMA_IRQHandler
                0x00000118                UART3_IRQHandler
                0x00000118                MCPWM_IRQHandler
                0x00000118                ENET_IRQHandler
                0x0000011c                ResetISR
                0x00000190                data_init
                0x000001ac                bss_init
                0x000002fc                . = 0x2fc
 *fill*         0x000001c4      0x138 ff
                0x000002fc                PROVIDE (__CRP_WORD_START__, .)
 *(.crp)
 .crp           0x000002fc        0x4 ./src/crp.o
                0x000002fc                CRP_WORD
                0x00000300                PROVIDE (__CRP_WORD_END__, .)
                0x00000001                ASSERT (! ((__CRP_WORD_START__ == __CRP_WORD_END__)), Linker CRP Enabled, but no CRP_WORD provided within application)
 *(.text*)
 .text.sync_window.part.3
                0x00000300       0x4c ./src/fatfs/ff.o
 .text.move_window
                0x0000034c       0x7c ./src/fatfs/ff.o
 .text.pattern_matching
                0x000003c8      0x198 ./src/fatfs/ff.o
 .text.sync_fs  0x00000560      0x180 ./src/fatfs/ff.o
 .text.put_fat.part.7
                0x000006e0      0x2c4 ./src/fatfs/ff.o
 .text.get_fat.part.5
                0x000009a4      0x26c ./src/fatfs/ff.o
 .text.dir_sdi  0x00000c10       0xa0 ./src/fatfs/ff.o
 .text.dir_read.constprop.12
                0x00000cb0      0x140 ./src/fatfs/ff.o
 .text.follow_path
                0x00000df0      0x3cc ./src/fatfs/ff.o
 .text.create_chain
                0x000011bc      0x324 ./src/fatfs/ff.o
 .text.dir_alloc.constprop.13
                0x000014e0      0x244 ./src/fatfs/ff.o
 .text.dir_register
                0x00001724      0x168 ./src/fatfs/ff.o
 .text.find_volume
                0x0000188c      0x4ec ./src/fatfs/ff.o
 .text.f_mount  0x00001d78       0x6c ./src/fatfs/ff.o
                0x00001d78                f_mount
 .text.f_open   0x00001de4      0x934 ./src/fatfs/ff.o
                0x00001de4                f_open
 .text.f_read   0x00002718      0x2a8 ./src/fatfs/ff.o
                0x00002718                f_read
 .text.f_write  0x000029c0      0x2c0 ./src/fatfs/ff.o
                0x000029c0                f_write
 .text.f_close  0x00002c80      0x150 ./src/fatfs/ff.o
                0x00002c80                f_close
 .text.f_chdir  0x00002dd0      0x52c ./src/fatfs/ff.o
                0x00002dd0                f_chdir
 .text.f_getcwd
                0x000032fc      0x328 ./src/fatfs/ff.o
                0x000032fc                f_getcwd
 .text.f_lseek  0x00003624      0x178 ./src/fatfs/ff.o
                0x00003624                f_lseek
 .text.f_opendir
                0x0000379c      0x54c ./src/fatfs/ff.o
                0x0000379c                f_opendir
 .text.f_closedir
                0x00003ce8       0x2c ./src/fatfs/ff.o
                0x00003ce8                f_closedir
 .text.f_readdir
                0x00003d14      0x20c ./src/fatfs/ff.o
                0x00003d14                f_readdir
 .text.f_findnext
                0x00003f20       0xf8 ./src/fatfs/ff.o
                0x00003f20                f_findnext
 .text.f_findfirst
                0x00004018      0x55c ./src/fatfs/ff.o
                0x00004018                f_findfirst
 .text.f_getfree
                0x00004574      0x164 ./src/fatfs/ff.o
                0x00004574                f_getfree
 .text.f_truncate
                0x000046d8      0x3f8 ./src/fatfs/ff.o
                0x000046d8                f_truncate
 .text.f_unlink
                0x00004ad0      0x710 ./src/fatfs/ff.o
                0x00004ad0                f_unlink
 .text.f_mkdir  0x000051e0      0x5ac ./src/fatfs/ff.o
                0x000051e0                f_mkdir
 .text.f_chmod  0x0000578c      0x560 ./src/fatfs/ff.o
                0x0000578c                f_chmod
 .text.f_rename
                0x00005cec      0x43c ./src/fatfs/ff.o
                0x00005cec                f_rename
 .text.f_utime  0x00006128      0x548 ./src/fatfs/ff.o
                0x00006128                f_utime
 .text.f_getlabel
                0x00006670      0x374 ./src/fatfs/ff.o
                0x00006670                f_getlabel
 .text.f_setlabel
                0x000069e4      0x4b0 ./src/fatfs/ff.o
                0x000069e4                f_setlabel
 .text.f_mkfs   0x00006e94      0x6bc ./src/fatfs/ff.o
                0x00006e94                f_mkfs
 .text.rcvr_datablock
                0x00007550      0x118 ./src/fatfs/mmc_ssp.o
 .text.xmit_datablock
                0x00007668      0x19c ./src/fatfs/mmc_ssp.o
 .text.select   0x00007804       0xa8 ./src/fatfs/mmc_ssp.o
 .text.send_cmd
                0x000078ac      0x220 ./src/fatfs/mmc_ssp.o
 .text.disk_initialize
                0x00007acc      0x224 ./src/fatfs/mmc_ssp.o
                0x00007acc                disk_initialize
 .text.disk_status
                0x00007cf0       0x14 ./src/fatfs/mmc_ssp.o
                0x00007cf0                disk_status
 .text.disk_read
                0x00007d04       0xa0 ./src/fatfs/mmc_ssp.o
                0x00007d04                disk_read
 .text.disk_write
                0x00007da4      0x134 ./src/fatfs/mmc_ssp.o
                0x00007da4                disk_write
 .text.disk_ioctl
                0x00007ed8      0x39c ./src/fatfs/mmc_ssp.o
                0x00007ed8                disk_ioctl
 .text.disk_timerproc
                0x00008274       0x4c ./src/fatfs/mmc_ssp.o
                0x00008274                disk_timerproc
 .text.rtc_initialize
                0x000082c0        0x4 ./src/fatfs/rtc176x.o
                0x000082c0                rtc_initialize
 .text.rtc_gettime
                0x000082c4        0x4 ./src/fatfs/rtc176x.o
                0x000082c4                rtc_gettime
 .text.rtc_settime
                0x000082c8        0x4 ./src/fatfs/rtc176x.o
                0x000082c8                rtc_settime
 .text.put_rc   0x000082cc       0x3c ./src/ElectricBoard.o
 .text.scan_files
                0x00008308       0xa8 ./src/ElectricBoard.o
 .text.SysTick_Handler
                0x000083b0       0x28 ./src/ElectricBoard.o
                0x000083b0                SysTick_Handler
 .text.get_fattime
                0x000083d8       0x44 ./src/ElectricBoard.o
                0x000083d8                get_fattime
 .text.GPIO_Init
                0x0000841c       0x58 ./src/ElectricBoard.o
                0x0000841c                GPIO_Init
 .text.startup.main
                0x00008474     0x1554 ./src/ElectricBoard.o
                0x00008474                main
 .text.TIMER0_IRQHandler
                0x000099c8       0x5c ./src/ElectricBoard.o
                0x000099c8                TIMER0_IRQHandler
 .text.PanelGPIO_Init
                0x00009a24      0x170 ./src/Panel.o
                0x00009a24                PanelGPIO_Init
 .text.OperatePanel
                0x00009b94      0x164 ./src/Panel.o
                0x00009b94                OperatePanel
 .text.SSP_Init
                0x00009cf8       0xb8 ./src/SPI.o
                0x00009cf8                SSP_Init
 .text.Timer0_Init
                0x00009db0       0xdc ./src/TImer.o
                0x00009db0                Timer0_Init
 .text.UART_Init
                0x00009e8c       0x7c ./src/UART.o
                0x00009e8c                UART_Init
 .text.UART3_Write
                0x00009f08       0x14 ./src/UART.o
                0x00009f08                UART3_Write
 .text.UART3_Read
                0x00009f1c       0x14 ./src/UART.o
                0x00009f1c                UART3_Read
 .text.xvprintf
                0x00009f30      0x990 ./src/xprintf.o
 .text.xputc    0x0000a8c0       0x4c ./src/xprintf.o
                0x0000a8c0                xputc
 .text.xputs    0x0000a90c       0x6c ./src/xprintf.o
                0x0000a90c                xputs
 .text.xprintf  0x0000a978       0x20 ./src/xprintf.o
                0x0000a978                xprintf
 .text.put_dump
                0x0000a998      0x13c ./src/xprintf.o
                0x0000a998                put_dump
 .text.xgets    0x0000aad4      0x108 ./src/xprintf.o
                0x0000aad4                xgets
 .text.xatoi    0x0000abdc       0xc0 ./src/xprintf.o
                0x0000abdc                xatoi
 .text.SystemInit
                0x0000ac9c       0xe0 /home/evaota/LPCXpresso/workspace/CMSISv2p00_LPC17xx/Debug/libCMSISv2p00_LPC17xx.a(system_LPC17xx.o)
                0x0000ac9c                SystemInit
 .text.__main   0x0000ad7c       0x14 /usr/local/lpcxpresso_7.9.2_493/lpcxpresso/tools/bin/../lib/gcc/arm-none-eabi/4.9.3/../../../../arm-none-eabi/lib/armv7-m/libcr_semihost.a(_cr__main.o)
                0x0000ad7c                __main
                0x0000ad7c                __CR_SEMIHOST
 .text.memset   0x0000ad90        0x4 /usr/local/lpcxpresso_7.9.2_493/lpcxpresso/tools/bin/../lib/gcc/arm-none-eabi/4.9.3/../../../../arm-none-eabi/lib/armv7-m/libcr_c.a(memset.o)
                0x0000ad90                memset
 .text._initio  0x0000ad94       0xa4 /usr/local/lpcxpresso_7.9.2_493/lpcxpresso/tools/bin/../lib/gcc/arm-none-eabi/4.9.3/../../../../arm-none-eabi/lib/armv7-m/libcr_c.a(initio.o)
                0x0000ad94                _initio
 .text.setvbuf  0x0000ae38       0x40 /usr/local/lpcxpresso_7.9.2_493/lpcxpresso/tools/bin/../lib/gcc/arm-none-eabi/4.9.3/../../../../arm-none-eabi/lib/armv7-m/libcr_c.a(setvbuf.o)
                0x0000ae38                setvbuf
 .text.strchr   0x0000ae78       0x1a /usr/local/lpcxpresso_7.9.2_493/lpcxpresso/tools/bin/../lib/gcc/arm-none-eabi/4.9.3/../../../../arm-none-eabi/lib/armv7-m/libcr_c.a(strchr.o)
                0x0000ae78                strchr
 .text.strcpy   0x0000ae92       0x42 /usr/local/lpcxpresso_7.9.2_493/lpcxpresso/tools/bin/../lib/gcc/arm-none-eabi/4.9.3/../../../../arm-none-eabi/lib/armv7-m/libcr_c.a(strcpy.o)
                0x0000ae92                strcpy
 .text.strlen   0x0000aed4       0x4a /usr/local/lpcxpresso_7.9.2_493/lpcxpresso/tools/bin/../lib/gcc/arm-none-eabi/4.9.3/../../../../arm-none-eabi/lib/armv7-m/libcr_c.a(strlen.o)
                0x0000aed4                strlen
 .text._deferredlazyseek
                0x0000af1e       0x44 /usr/local/lpcxpresso_7.9.2_493/lpcxpresso/tools/bin/../lib/gcc/arm-none-eabi/4.9.3/../../../../arm-none-eabi/lib/armv7-m/libcr_c.a(_deferredlazyseek.o)
                0x0000af1e                _deferredlazyseek
 .text._fdopen  0x0000af62       0x6a /usr/local/lpcxpresso_7.9.2_493/lpcxpresso/tools/bin/../lib/gcc/arm-none-eabi/4.9.3/../../../../arm-none-eabi/lib/armv7-m/libcr_c.a(_fdopen.o)
                0x0000af62                _fdopen
 .text._fflush  0x0000afcc       0x58 /usr/local/lpcxpresso_7.9.2_493/lpcxpresso/tools/bin/../lib/gcc/arm-none-eabi/4.9.3/../../../../arm-none-eabi/lib/armv7-m/libcr_c.a(_fflush.o)
                0x0000afcc                _fflush
 .text._Cwritebuf
                0x0000b024       0x68 /usr/local/lpcxpresso_7.9.2_493/lpcxpresso/tools/bin/../lib/gcc/arm-none-eabi/4.9.3/../../../../arm-none-eabi/lib/armv7-m/libcr_c.a(_writebuf.o)
                0x0000b024                _Cwritebuf
 .text.malloc   0x0000b08c       0xcc /usr/local/lpcxpresso_7.9.2_493/lpcxpresso/tools/bin/../lib/gcc/arm-none-eabi/4.9.3/../../../../arm-none-eabi/lib/armv7-m/libcr_c.a(alloc.o)
                0x0000b08c                malloc
 .text.free     0x0000b158       0x30 /usr/local/lpcxpresso_7.9.2_493/lpcxpresso/tools/bin/../lib/gcc/arm-none-eabi/4.9.3/../../../../arm-none-eabi/lib/armv7-m/libcr_c.a(alloc.o)
                0x0000b158                free
 .text._Csys_alloc
                0x0000b188       0x20 /usr/local/lpcxpresso_7.9.2_493/lpcxpresso/tools/bin/../lib/gcc/arm-none-eabi/4.9.3/../../../../arm-none-eabi/lib/armv7-m/libcr_c.a(alloc.o)
                0x0000b188                _Csys_alloc
 .text.fclose   0x0000b1a8       0x6c /usr/local/lpcxpresso_7.9.2_493/lpcxpresso/tools/bin/../lib/gcc/arm-none-eabi/4.9.3/../../../../arm-none-eabi/lib/armv7-m/libcr_c.a(fclose.o)
                0x0000b1a8                fclose
 .text.fflush   0x0000b214       0x30 /usr/local/lpcxpresso_7.9.2_493/lpcxpresso/tools/bin/../lib/gcc/arm-none-eabi/4.9.3/../../../../arm-none-eabi/lib/armv7-m/libcr_c.a(fflush.o)
                0x0000b214                fflush
 .text.fseek    0x0000b244      0x110 /usr/local/lpcxpresso_7.9.2_493/lpcxpresso/tools/bin/../lib/gcc/arm-none-eabi/4.9.3/../../../../arm-none-eabi/lib/armv7-m/libcr_c.a(fseek.o)
                0x0000b244                fseek
 .text.ftell    0x0000b354       0x4c /usr/local/lpcxpresso_7.9.2_493/lpcxpresso/tools/bin/../lib/gcc/arm-none-eabi/4.9.3/../../../../arm-none-eabi/lib/armv7-m/libcr_c.a(ftell.o)
                0x0000b354                ftell
 .text.remove   0x0000b3a0       0x14 /usr/local/lpcxpresso_7.9.2_493/lpcxpresso/tools/bin/../lib/gcc/arm-none-eabi/4.9.3/../../../../arm-none-eabi/lib/armv7-m/libcr_c.a(remove.o)
                0x0000b3a0                remove
 .text._sbrk    0x0000b3b4       0x40 /usr/local/lpcxpresso_7.9.2_493/lpcxpresso/tools/bin/../lib/gcc/arm-none-eabi/4.9.3/../../../../arm-none-eabi/lib/armv7-m/libcr_c.a(_cr_sbrk.o)
                0x0000b3b4                _sbrk
 .text._do_fflush
                0x0000b3f4       0x44 /usr/local/lpcxpresso_7.9.2_493/lpcxpresso/tools/bin/../lib/gcc/arm-none-eabi/4.9.3/../../../../arm-none-eabi/lib/armv7-m/libcr_c.a(_do_fflush.o)
                0x0000b3f4                _do_fflush
 .text.__check_heap_overflow
                0x0000b438       0x18 /usr/local/lpcxpresso_7.9.2_493/lpcxpresso/tools/bin/../lib/gcc/arm-none-eabi/4.9.3/../../../../arm-none-eabi/lib/armv7-m/libcr_c.a(_cr_check_heap.o)
                0x0000b438                __check_heap_overflow
 .text.__aeabi_memset_lowlevel
                0x0000b450       0x32 /usr/local/lpcxpresso_7.9.2_493/lpcxpresso/tools/bin/../lib/gcc/arm-none-eabi/4.9.3/armv7-m/libcr_eabihelpers.a(memcpy.o)
                0x0000b450                __aeabi_lowlevel_memset
 *fill*         0x0000b482        0x2 
 .text.__sys_appexit
                0x0000b484        0xc /usr/local/lpcxpresso_7.9.2_493/lpcxpresso/tools/bin/../lib/gcc/arm-none-eabi/4.9.3/../../../../arm-none-eabi/lib/armv7-m/libcr_semihost.a(__sys_appexit.o)
                0x0000b484                __exit
                0x0000b484                __sys_appexit
 .text.__sys_close
                0x0000b490        0xc /usr/local/lpcxpresso_7.9.2_493/lpcxpresso/tools/bin/../lib/gcc/arm-none-eabi/4.9.3/../../../../arm-none-eabi/lib/armv7-m/libcr_semihost.a(__sys_close.o)
                0x0000b490                __sys_close
 .text.__sys_flen
                0x0000b49c        0xc /usr/local/lpcxpresso_7.9.2_493/lpcxpresso/tools/bin/../lib/gcc/arm-none-eabi/4.9.3/../../../../arm-none-eabi/lib/armv7-m/libcr_semihost.a(__sys_flen.o)
                0x0000b49c                __sys_flen
 .text.__sys_istty
                0x0000b4a8        0xc /usr/local/lpcxpresso_7.9.2_493/lpcxpresso/tools/bin/../lib/gcc/arm-none-eabi/4.9.3/../../../../arm-none-eabi/lib/armv7-m/libcr_semihost.a(__sys_istty.o)
                0x0000b4a8                __sys_istty
 .text.__sys_remove
                0x0000b4b4        0xc /usr/local/lpcxpresso_7.9.2_493/lpcxpresso/tools/bin/../lib/gcc/arm-none-eabi/4.9.3/../../../../arm-none-eabi/lib/armv7-m/libcr_semihost.a(__sys_remove.o)
                0x0000b4b4                __sys_remove
 .text.__sys_seek
                0x0000b4c0        0xc /usr/local/lpcxpresso_7.9.2_493/lpcxpresso/tools/bin/../lib/gcc/arm-none-eabi/4.9.3/../../../../arm-none-eabi/lib/armv7-m/libcr_semihost.a(__sys_seek.o)
                0x0000b4c0                __sys_seek
 .text.__sys_tmpnam
                0x0000b4cc        0xc /usr/local/lpcxpresso_7.9.2_493/lpcxpresso/tools/bin/../lib/gcc/arm-none-eabi/4.9.3/../../../../arm-none-eabi/lib/armv7-m/libcr_semihost.a(__sys_tmpnam.o)
                0x0000b4cc                __sys_tmpnam
 .text.__sys_write
                0x0000b4d8        0xc /usr/local/lpcxpresso_7.9.2_493/lpcxpresso/tools/bin/../lib/gcc/arm-none-eabi/4.9.3/../../../../arm-none-eabi/lib/armv7-m/libcr_semihost.a(__sys_write.o)
                0x0000b4d8                __write
                0x0000b4d8                __sys_write
 *(.rodata .rodata.* .constdata .constdata.*)
 .rodata.str1.4
                0x0000b4e4       0x54 ./src/fatfs/ff.o
 .rodata.cst.4382
                0x0000b538       0x16 ./src/fatfs/ff.o
 *fill*         0x0000b54e        0x2 
 .rodata        0x0000b550       0xd1 ./src/ElectricBoard.o
 *fill*         0x0000b621        0x3 
 .rodata.ft.5768
                0x0000b624        0x4 ./src/ElectricBoard.o
 .rodata.HelpMsg
                0x0000b628      0x5ce ./src/ElectricBoard.o
 *fill*         0x0000bbf6        0x2 
 .rodata.str1.4
                0x0000bbf8      0x405 ./src/ElectricBoard.o
                                0x411 (size before relaxing)
 *fill*         0x0000bffd        0x3 
 .rodata.str1.4
                0x0000c000       0x20 ./src/xprintf.o
                                 0x1f (size before relaxing)
 .rodata.str1.1
                0x0000c020        0x4 /usr/local/lpcxpresso_7.9.2_493/lpcxpresso/tools/bin/../lib/gcc/arm-none-eabi/4.9.3/../../../../arm-none-eabi/lib/armv7-m/libcr_c.a(initio.o)
 .rodata.str1.1
                0x0000c024       0x18 /usr/local/lpcxpresso_7.9.2_493/lpcxpresso/tools/bin/../lib/gcc/arm-none-eabi/4.9.3/../../../../arm-none-eabi/lib/armv7-m/libcr_c.a(alloc.o)
                0x0000c03c                . = ALIGN (0x4)

.glue_7         0x0000c03c        0x0
 .glue_7        0x00000000        0x0 linker stubs

.glue_7t        0x0000c03c        0x0
 .glue_7t       0x00000000        0x0 linker stubs

.vfp11_veneer   0x0000c03c        0x0
 .vfp11_veneer  0x00000000        0x0 linker stubs

.v4_bx          0x0000c03c        0x0
 .v4_bx         0x00000000        0x0 linker stubs

.iplt           0x0000c03c        0x0
 .iplt          0x00000000        0x0 ./src/fatfs/option/syscall.o

.rel.dyn        0x0000c03c        0x0
 .rel.iplt      0x00000000        0x0 ./src/fatfs/option/syscall.o

.ARM.extab
 *(.ARM.extab* .gnu.linkonce.armextab.*)
                0x0000c03c                __exidx_start = .

.ARM.exidx
 *(.ARM.exidx* .gnu.linkonce.armexidx.*)
                0x0000c03c                __exidx_end = .
                0x0000c03c                _etext = .

.data_RAM2      0x2007c000        0x0 load address 0x0000c03c
 FILL mask 0xff
                0x2007c000                PROVIDE (__start_data_RAM2, .)
 *(.ramfunc.$RAM2)
 *(.ramfunc.$RamAHB32)
 *(.data.$RAM2*)
 *(.data.$RamAHB32*)
                0x2007c000                . = ALIGN (0x4)
                0x2007c000                PROVIDE (__end_data_RAM2, .)

.uninit_RESERVED
                0x10000000        0x0
 *(.bss.$RESERVED*)
                0x10000000                . = ALIGN (0x4)
                0x10000000                _end_uninit_RESERVED = .

.data           0x10000000        0x8 load address 0x0000c03c
 FILL mask 0xff
                0x10000000                _data = .
 *(vtable)
 *(.ramfunc*)
 *(.data*)
 .data.Stat     0x10000000        0x1 ./src/fatfs/mmc_ssp.o
 *fill*         0x10000001        0x3 
 .data.SystemCoreClock
                0x10000004        0x4 /home/evaota/LPCXpresso/workspace/CMSISv2p00_LPC17xx/Debug/libCMSISv2p00_LPC17xx.a(system_LPC17xx.o)
                0x10000004                SystemCoreClock
                0x10000008                . = ALIGN (0x4)
                0x10000008                _edata = .

.igot.plt       0x10000008        0x0 load address 0x0000c044
 .igot.plt      0x00000000        0x0 ./src/fatfs/option/syscall.o

.bss_RAM2       0x2007c000        0x0
                0x2007c000                PROVIDE (__start_bss_RAM2, .)
 *(.bss.$RAM2*)
 *(.bss.$RamAHB32*)
                0x2007c000                . = ALIGN ((. != 0x0)?0x4:0x1)
                0x2007c000                PROVIDE (__end_bss_RAM2, .)

.bss            0x10000008     0x593c
                0x10000008                _bss = .
 *(.bss*)
 .bss.Fsid      0x10000008        0x2 ./src/fatfs/ff.o
 *fill*         0x1000000a        0x2 
 .bss.FatFs     0x1000000c        0x4 ./src/fatfs/ff.o
 .bss.Timer1    0x10000010        0x4 ./src/fatfs/mmc_ssp.o
 .bss.Timer2    0x10000014        0x4 ./src/fatfs/mmc_ssp.o
 .bss.CardType  0x10000018        0x1 ./src/fatfs/mmc_ssp.o
 *fill*         0x10000019        0x3 
 .bss.led_timer.5725
                0x1000001c        0x4 ./src/ElectricBoard.o
 .bss.blight.5935
                0x10000020        0x4 ./src/ElectricBoard.o
 .bss.select.5934
                0x10000024        0x4 ./src/ElectricBoard.o
 .bss.outptr    0x10000028        0x4 ./src/xprintf.o
 .bss.errno     0x1000002c        0x4 /usr/local/lpcxpresso_7.9.2_493/lpcxpresso/tools/bin/../lib/gcc/arm-none-eabi/4.9.3/../../../../arm-none-eabi/lib/armv7-m/libcr_c.a(errno.o)
                0x1000002c                errno
 *(COMMON)
 COMMON         0x10000030     0x57c0 ./src/ElectricBoard.o
                0x10000030                FatFs
                0x10000264                Finfo
                0x1000027c                PanelBuffA
                0x10000a7c                File
                0x10000ec4                Timer
                0x10000ec8                AccSize
                0x10000ecc                Buff
                0x10004ecc                Dir
                0x10004eec                Line
                0x10004fec                AccDirs
                0x10004fee                AccFiles
                0x10004ff0                PanelBuffB
 COMMON         0x100057f0        0x8 ./src/xprintf.o
                0x100057f0                xfunc_in
                0x100057f4                xfunc_out
 COMMON         0x100057f8        0x4 /usr/local/lpcxpresso_7.9.2_493/lpcxpresso/tools/bin/../lib/gcc/arm-none-eabi/4.9.3/../../../../arm-none-eabi/lib/armv7-m/libcr_c.a(initio.o)
                0x100057f8                _extra
 COMMON         0x100057fc      0x140 /usr/local/lpcxpresso_7.9.2_493/lpcxpresso/tools/bin/../lib/gcc/arm-none-eabi/4.9.3/../../../../arm-none-eabi/lib/armv7-m/libcr_c.a(stdio.o)
                0x100057fc                __Ciob
 COMMON         0x1000593c        0x8 /usr/local/lpcxpresso_7.9.2_493/lpcxpresso/tools/bin/../lib/gcc/arm-none-eabi/4.9.3/../../../../arm-none-eabi/lib/armv7-m/libcr_c.a(__init_alloc.o)
                0x1000593c                __heaps
                0x10005940                __end_of_heap
                0x10005944                . = ALIGN (0x4)
                0x10005944                _ebss = .
                0x10005944                PROVIDE (end, .)

.noinit_RAM2    0x2007c000        0x0
 *(.noinit.$RAM2*)
 *(.noinit.$RamAHB32*)
                0x2007c000                . = ALIGN (0x4)

.noinit         0x10005944        0x0
                0x10005944                _noinit = .
 *(.noinit*)
                0x10005944                . = ALIGN (0x4)
                0x10005944                _end_noinit = .
                0x10005944                PROVIDE (_pvHeapStart, DEFINED (__user_heap_base)?__user_heap_base:.)
                0x10008000                PROVIDE (_vStackTop, DEFINED (__user_stack_top)?__user_stack_top:(__top_RamLoc32 - 0x0))
                0xefff79f2                PROVIDE (__valid_user_code_checksum, (0x0 - ((((((_vStackTop + (ResetISR + 0x1)) + (NMI_Handler + 0x1)) + (HardFault_Handler + 0x1)) + (DEFINED (MemManage_Handler)?MemManage_Handler:0x0 + 0x1)) + (DEFINED (BusFault_Handler)?BusFault_Handler:0x0 + 0x1)) + (DEFINED (UsageFault_Handler)?UsageFault_Handler:0x0 + 0x1))))
OUTPUT(ElectricBoard.axf elf32-littlearm)

.debug_info     0x00000000    0x11306
 .debug_info    0x00000000     0x8e70 ./src/fatfs/ff.o
 .debug_info    0x00008e70     0x17f4 ./src/fatfs/mmc_ssp.o
 .debug_info    0x0000a664      0x190 ./src/fatfs/rtc176x.o
 .debug_info    0x0000a7f4     0x3156 ./src/ElectricBoard.o
 .debug_info    0x0000d94a      0xaac ./src/Panel.o
 .debug_info    0x0000e3f6      0x602 ./src/SPI.o
 .debug_info    0x0000e9f8      0x89e ./src/TImer.o
 .debug_info    0x0000f296      0xc98 ./src/UART.o
 .debug_info    0x0000ff2e      0x332 ./src/cr_startup_lpc175x_6x.o
 .debug_info    0x00010260       0x3f ./src/crp.o
 .debug_info    0x0001029f      0xd4f ./src/xprintf.o
 .debug_info    0x00010fee      0x318 /home/evaota/LPCXpresso/workspace/CMSISv2p00_LPC17xx/Debug/libCMSISv2p00_LPC17xx.a(system_LPC17xx.o)

.debug_abbrev   0x00000000     0x19e3
 .debug_abbrev  0x00000000      0x310 ./src/fatfs/ff.o
 .debug_abbrev  0x00000310      0x37d ./src/fatfs/mmc_ssp.o
 .debug_abbrev  0x0000068d       0xdf ./src/fatfs/rtc176x.o
 .debug_abbrev  0x0000076c      0x465 ./src/ElectricBoard.o
 .debug_abbrev  0x00000bd1      0x26a ./src/Panel.o
 .debug_abbrev  0x00000e3b      0x163 ./src/SPI.o
 .debug_abbrev  0x00000f9e      0x1d0 ./src/TImer.o
 .debug_abbrev  0x0000116e      0x284 ./src/UART.o
 .debug_abbrev  0x000013f2      0x196 ./src/cr_startup_lpc175x_6x.o
 .debug_abbrev  0x00001588       0x36 ./src/crp.o
 .debug_abbrev  0x000015be      0x33f ./src/xprintf.o
 .debug_abbrev  0x000018fd       0xe6 /home/evaota/LPCXpresso/workspace/CMSISv2p00_LPC17xx/Debug/libCMSISv2p00_LPC17xx.a(system_LPC17xx.o)

.debug_loc      0x00000000    0x16ad5
 .debug_loc     0x00000000    0x1232b ./src/fatfs/ff.o
 .debug_loc     0x0001232b      0xf85 ./src/fatfs/mmc_ssp.o
 .debug_loc     0x000132b0       0x42 ./src/fatfs/rtc176x.o
 .debug_loc     0x000132f2      0xd2c ./src/ElectricBoard.o
 .debug_loc     0x0001401e      0x508 ./src/Panel.o
 .debug_loc     0x00014526       0x95 ./src/SPI.o
 .debug_loc     0x000145bb       0x50 ./src/TImer.o
 .debug_loc     0x0001460b      0x183 ./src/UART.o
 .debug_loc     0x0001478e      0x13b ./src/cr_startup_lpc175x_6x.o
 .debug_loc     0x000148c9     0x220c ./src/xprintf.o

.debug_aranges  0x00000000      0x4e8
 .debug_aranges
                0x00000000      0x160 ./src/fatfs/ff.o
 .debug_aranges
                0x00000160       0x70 ./src/fatfs/mmc_ssp.o
 .debug_aranges
                0x000001d0       0x30 ./src/fatfs/rtc176x.o
 .debug_aranges
                0x00000200       0x50 ./src/ElectricBoard.o
 .debug_aranges
                0x00000250       0x60 ./src/Panel.o
 .debug_aranges
                0x000002b0       0x40 ./src/SPI.o
 .debug_aranges
                0x000002f0       0x58 ./src/TImer.o
 .debug_aranges
                0x00000348       0x70 ./src/UART.o
 .debug_aranges
                0x000003b8       0x80 ./src/cr_startup_lpc175x_6x.o
 .debug_aranges
                0x00000438       0x18 ./src/crp.o
 .debug_aranges
                0x00000450       0x70 ./src/xprintf.o
 .debug_aranges
                0x000004c0       0x28 /home/evaota/LPCXpresso/workspace/CMSISv2p00_LPC17xx/Debug/libCMSISv2p00_LPC17xx.a(system_LPC17xx.o)

.debug_ranges   0x00000000     0x3318
 .debug_ranges  0x00000000     0x2468 ./src/fatfs/ff.o
 .debug_ranges  0x00002468      0x568 ./src/fatfs/mmc_ssp.o
 .debug_ranges  0x000029d0       0x20 ./src/fatfs/rtc176x.o
 .debug_ranges  0x000029f0       0xa8 ./src/ElectricBoard.o
 .debug_ranges  0x00002a98       0xc8 ./src/Panel.o
 .debug_ranges  0x00002b60       0x30 ./src/SPI.o
 .debug_ranges  0x00002b90       0x48 ./src/TImer.o
 .debug_ranges  0x00002bd8       0x90 ./src/UART.o
 .debug_ranges  0x00002c68       0x88 ./src/cr_startup_lpc175x_6x.o
 .debug_ranges  0x00002cf0      0x610 ./src/xprintf.o
 .debug_ranges  0x00003300       0x18 /home/evaota/LPCXpresso/workspace/CMSISv2p00_LPC17xx/Debug/libCMSISv2p00_LPC17xx.a(system_LPC17xx.o)

.debug_macro    0x00000000     0x2b5b
 .debug_macro   0x00000000      0x2bc ./src/fatfs/ff.o
 .debug_macro   0x000002bc       0x16 ./src/fatfs/ff.o
 .debug_macro   0x000002d2       0xa6 ./src/fatfs/ff.o
 .debug_macro   0x00000378      0x12f ./src/fatfs/mmc_ssp.o
 .debug_macro   0x000004a7       0x1c ./src/fatfs/mmc_ssp.o
 .debug_macro   0x000004c3       0x2e ./src/fatfs/mmc_ssp.o
 .debug_macro   0x000004f1       0x10 ./src/fatfs/mmc_ssp.o
 .debug_macro   0x00000501      0x12d ./src/fatfs/mmc_ssp.o
 .debug_macro   0x0000062e      0x5b2 ./src/fatfs/mmc_ssp.o
 .debug_macro   0x00000be0       0x18 ./src/fatfs/mmc_ssp.o
 .debug_macro   0x00000bf8      0x7af ./src/fatfs/mmc_ssp.o
 .debug_macro   0x000013a7      0x2c7 ./src/fatfs/mmc_ssp.o
 .debug_macro   0x0000166e       0x2e ./src/fatfs/mmc_ssp.o
 .debug_macro   0x0000169c       0x64 ./src/fatfs/mmc_ssp.o
 .debug_macro   0x00001700       0x89 ./src/fatfs/rtc176x.o
 .debug_macro   0x00001789      0x124 ./src/ElectricBoard.o
 .debug_macro   0x000018ad       0xc4 ./src/ElectricBoard.o
 .debug_macro   0x00001971       0x82 ./src/ElectricBoard.o
 .debug_macro   0x000019f3       0xac ./src/ElectricBoard.o
 .debug_macro   0x00001a9f       0x9a ./src/ElectricBoard.o
 .debug_macro   0x00001b39       0x4c ./src/ElectricBoard.o
 .debug_macro   0x00001b85       0x40 ./src/ElectricBoard.o
 .debug_macro   0x00001bc5       0xb8 ./src/ElectricBoard.o
 .debug_macro   0x00001c7d       0xee ./src/ElectricBoard.o
 .debug_macro   0x00001d6b       0x96 ./src/Panel.o
 .debug_macro   0x00001e01       0xa6 ./src/Panel.o
 .debug_macro   0x00001ea7       0x84 ./src/SPI.o
 .debug_macro   0x00001f2b       0x28 ./src/SPI.o
 .debug_macro   0x00001f53       0x7f ./src/TImer.o
 .debug_macro   0x00001fd2       0x97 ./src/UART.o
 .debug_macro   0x00002069       0xa0 ./src/UART.o
 .debug_macro   0x00002109       0x1d ./src/cr_startup_lpc175x_6x.o
 .debug_macro   0x00002126       0x1a ./src/crp.o
 .debug_macro   0x00002140       0x34 ./src/crp.o
 .debug_macro   0x00002174       0x32 ./src/xprintf.o
 .debug_macro   0x000021a6       0x16 ./src/xprintf.o
 .debug_macro   0x000021bc      0x12b /home/evaota/LPCXpresso/workspace/CMSISv2p00_LPC17xx/Debug/libCMSISv2p00_LPC17xx.a(system_LPC17xx.o)
 .debug_macro   0x000022e7      0x874 /home/evaota/LPCXpresso/workspace/CMSISv2p00_LPC17xx/Debug/libCMSISv2p00_LPC17xx.a(system_LPC17xx.o)

.debug_line     0x00000000     0x51f3
 .debug_line    0x00000000     0x2864 ./src/fatfs/ff.o
 .debug_line    0x00002864      0x74b ./src/fatfs/mmc_ssp.o
 .debug_line    0x00002faf      0x20b ./src/fatfs/rtc176x.o
 .debug_line    0x000031ba      0x90b ./src/ElectricBoard.o
 .debug_line    0x00003ac5      0x47f ./src/Panel.o
 .debug_line    0x00003f44      0x25b ./src/SPI.o
 .debug_line    0x0000419f      0x3aa ./src/TImer.o
 .debug_line    0x00004549      0x349 ./src/UART.o
 .debug_line    0x00004892       0xe8 ./src/cr_startup_lpc175x_6x.o
 .debug_line    0x0000497a       0x7c ./src/crp.o
 .debug_line    0x000049f6      0x61f ./src/xprintf.o
 .debug_line    0x00005015      0x1de /home/evaota/LPCXpresso/workspace/CMSISv2p00_LPC17xx/Debug/libCMSISv2p00_LPC17xx.a(system_LPC17xx.o)

.debug_str      0x00000000     0xb6bf
 .debug_str     0x00000000     0x384e ./src/fatfs/ff.o
                               0x390b (size before relaxing)
 .debug_str     0x0000384e     0x5f3b ./src/fatfs/mmc_ssp.o
                               0x86ce (size before relaxing)
 .debug_str     0x00009789       0x65 ./src/fatfs/rtc176x.o
                               0x7d4b (size before relaxing)
 .debug_str     0x000097ee     0x13e8 ./src/ElectricBoard.o
                               0xa1b9 (size before relaxing)
 .debug_str     0x0000abd6       0xa0 ./src/Panel.o
                               0x8963 (size before relaxing)
 .debug_str     0x0000ac76      0x157 ./src/SPI.o
                               0x8009 (size before relaxing)
 .debug_str     0x0000adcd       0x85 ./src/TImer.o
                               0x8174 (size before relaxing)
 .debug_str     0x0000ae52      0x116 ./src/UART.o
                               0x8366 (size before relaxing)
 .debug_str     0x0000af68      0x1c4 ./src/cr_startup_lpc175x_6x.o
                               0x2661 (size before relaxing)
 .debug_str     0x0000b12c       0xe9 ./src/crp.o
                               0x2567 (size before relaxing)
 .debug_str     0x0000b215       0xd5 ./src/xprintf.o
                               0x2712 (size before relaxing)
 .debug_str     0x0000b2ea      0x3d5 /home/evaota/LPCXpresso/workspace/CMSISv2p00_LPC17xx/Debug/libCMSISv2p00_LPC17xx.a(system_LPC17xx.o)
                               0x80e6 (size before relaxing)

.comment        0x00000000       0x70
 .comment       0x00000000       0x70 ./src/fatfs/ff.o
                                 0x71 (size before relaxing)
 .comment       0x00000000       0x71 ./src/fatfs/mmc_ssp.o
 .comment       0x00000000       0x71 ./src/fatfs/rtc176x.o
 .comment       0x00000000       0x71 ./src/ElectricBoard.o
 .comment       0x00000000       0x71 ./src/Panel.o
 .comment       0x00000000       0x71 ./src/SPI.o
 .comment       0x00000000       0x71 ./src/TImer.o
 .comment       0x00000000       0x71 ./src/UART.o
 .comment       0x00000000       0x71 ./src/cr_startup_lpc175x_6x.o
 .comment       0x00000000       0x71 ./src/crp.o
 .comment       0x00000000       0x71 ./src/xprintf.o
 .comment       0x00000000       0x71 /home/evaota/LPCXpresso/workspace/CMSISv2p00_LPC17xx/Debug/libCMSISv2p00_LPC17xx.a(system_LPC17xx.o)
 .comment       0x00000000       0x71 /usr/local/lpcxpresso_7.9.2_493/lpcxpresso/tools/bin/../lib/gcc/arm-none-eabi/4.9.3/../../../../arm-none-eabi/lib/armv7-m/libcr_semihost.a(_cr__main.o)
 .comment       0x00000000       0x71 /usr/local/lpcxpresso_7.9.2_493/lpcxpresso/tools/bin/../lib/gcc/arm-none-eabi/4.9.3/../../../../arm-none-eabi/lib/armv7-m/libcr_c.a(memset.o)
 .comment       0x00000000       0x71 /usr/local/lpcxpresso_7.9.2_493/lpcxpresso/tools/bin/../lib/gcc/arm-none-eabi/4.9.3/../../../../arm-none-eabi/lib/armv7-m/libcr_c.a(initio.o)
 .comment       0x00000000       0x71 /usr/local/lpcxpresso_7.9.2_493/lpcxpresso/tools/bin/../lib/gcc/arm-none-eabi/4.9.3/../../../../arm-none-eabi/lib/armv7-m/libcr_c.a(setvbuf.o)
 .comment       0x00000000       0x71 /usr/local/lpcxpresso_7.9.2_493/lpcxpresso/tools/bin/../lib/gcc/arm-none-eabi/4.9.3/../../../../arm-none-eabi/lib/armv7-m/libcr_c.a(stdio.o)
 .comment       0x00000000       0x71 /usr/local/lpcxpresso_7.9.2_493/lpcxpresso/tools/bin/../lib/gcc/arm-none-eabi/4.9.3/../../../../arm-none-eabi/lib/armv7-m/libcr_c.a(strchr.o)
 .comment       0x00000000       0x71 /usr/local/lpcxpresso_7.9.2_493/lpcxpresso/tools/bin/../lib/gcc/arm-none-eabi/4.9.3/../../../../arm-none-eabi/lib/armv7-m/libcr_c.a(strcpy.o)
 .comment       0x00000000       0x71 /usr/local/lpcxpresso_7.9.2_493/lpcxpresso/tools/bin/../lib/gcc/arm-none-eabi/4.9.3/../../../../arm-none-eabi/lib/armv7-m/libcr_c.a(strlen.o)
 .comment       0x00000000       0x71 /usr/local/lpcxpresso_7.9.2_493/lpcxpresso/tools/bin/../lib/gcc/arm-none-eabi/4.9.3/../../../../arm-none-eabi/lib/armv7-m/libcr_c.a(_deferredlazyseek.o)
 .comment       0x00000000       0x71 /usr/local/lpcxpresso_7.9.2_493/lpcxpresso/tools/bin/../lib/gcc/arm-none-eabi/4.9.3/../../../../arm-none-eabi/lib/armv7-m/libcr_c.a(_fdopen.o)
 .comment       0x00000000       0x71 /usr/local/lpcxpresso_7.9.2_493/lpcxpresso/tools/bin/../lib/gcc/arm-none-eabi/4.9.3/../../../../arm-none-eabi/lib/armv7-m/libcr_c.a(_fflush.o)
 .comment       0x00000000       0x71 /usr/local/lpcxpresso_7.9.2_493/lpcxpresso/tools/bin/../lib/gcc/arm-none-eabi/4.9.3/../../../../arm-none-eabi/lib/armv7-m/libcr_c.a(_writebuf.o)
 .comment       0x00000000       0x71 /usr/local/lpcxpresso_7.9.2_493/lpcxpresso/tools/bin/../lib/gcc/arm-none-eabi/4.9.3/../../../../arm-none-eabi/lib/armv7-m/libcr_c.a(alloc.o)
 .comment       0x00000000       0x71 /usr/local/lpcxpresso_7.9.2_493/lpcxpresso/tools/bin/../lib/gcc/arm-none-eabi/4.9.3/../../../../arm-none-eabi/lib/armv7-m/libcr_c.a(errno.o)
 .comment       0x00000000       0x71 /usr/local/lpcxpresso_7.9.2_493/lpcxpresso/tools/bin/../lib/gcc/arm-none-eabi/4.9.3/../../../../arm-none-eabi/lib/armv7-m/libcr_c.a(fclose.o)
 .comment       0x00000000       0x71 /usr/local/lpcxpresso_7.9.2_493/lpcxpresso/tools/bin/../lib/gcc/arm-none-eabi/4.9.3/../../../../arm-none-eabi/lib/armv7-m/libcr_c.a(fflush.o)
 .comment       0x00000000       0x71 /usr/local/lpcxpresso_7.9.2_493/lpcxpresso/tools/bin/../lib/gcc/arm-none-eabi/4.9.3/../../../../arm-none-eabi/lib/armv7-m/libcr_c.a(fseek.o)
 .comment       0x00000000       0x71 /usr/local/lpcxpresso_7.9.2_493/lpcxpresso/tools/bin/../lib/gcc/arm-none-eabi/4.9.3/../../../../arm-none-eabi/lib/armv7-m/libcr_c.a(ftell.o)
 .comment       0x00000000       0x71 /usr/local/lpcxpresso_7.9.2_493/lpcxpresso/tools/bin/../lib/gcc/arm-none-eabi/4.9.3/../../../../arm-none-eabi/lib/armv7-m/libcr_c.a(remove.o)
 .comment       0x00000000       0x71 /usr/local/lpcxpresso_7.9.2_493/lpcxpresso/tools/bin/../lib/gcc/arm-none-eabi/4.9.3/../../../../arm-none-eabi/lib/armv7-m/libcr_c.a(__init_alloc.o)
 .comment       0x00000000       0x71 /usr/local/lpcxpresso_7.9.2_493/lpcxpresso/tools/bin/../lib/gcc/arm-none-eabi/4.9.3/../../../../arm-none-eabi/lib/armv7-m/libcr_c.a(_cr_sbrk.o)
 .comment       0x00000000       0x71 /usr/local/lpcxpresso_7.9.2_493/lpcxpresso/tools/bin/../lib/gcc/arm-none-eabi/4.9.3/../../../../arm-none-eabi/lib/armv7-m/libcr_c.a(_do_fflush.o)
 .comment       0x00000000       0x71 /usr/local/lpcxpresso_7.9.2_493/lpcxpresso/tools/bin/../lib/gcc/arm-none-eabi/4.9.3/../../../../arm-none-eabi/lib/armv7-m/libcr_c.a(_cr_check_heap.o)

.ARM.attributes
                0x00000000       0x31
 .ARM.attributes
                0x00000000       0x33 ./src/fatfs/ff.o
 .ARM.attributes
                0x00000033       0x33 ./src/fatfs/mmc_ssp.o
 .ARM.attributes
                0x00000066       0x33 ./src/fatfs/rtc176x.o
 .ARM.attributes
                0x00000099       0x33 ./src/ElectricBoard.o
 .ARM.attributes
                0x000000cc       0x33 ./src/Panel.o
 .ARM.attributes
                0x000000ff       0x33 ./src/SPI.o
 .ARM.attributes
                0x00000132       0x33 ./src/TImer.o
 .ARM.attributes
                0x00000165       0x33 ./src/UART.o
 .ARM.attributes
                0x00000198       0x33 ./src/cr_startup_lpc175x_6x.o
 .ARM.attributes
                0x000001cb       0x33 ./src/crp.o
 .ARM.attributes
                0x000001fe       0x33 ./src/xprintf.o
 .ARM.attributes
                0x00000231       0x33 /home/evaota/LPCXpresso/workspace/CMSISv2p00_LPC17xx/Debug/libCMSISv2p00_LPC17xx.a(system_LPC17xx.o)
 .ARM.attributes
                0x00000264       0x33 /usr/local/lpcxpresso_7.9.2_493/lpcxpresso/tools/bin/../lib/gcc/arm-none-eabi/4.9.3/../../../../arm-none-eabi/lib/armv7-m/libcr_semihost.a(_cr__main.o)
 .ARM.attributes
                0x00000297       0x33 /usr/local/lpcxpresso_7.9.2_493/lpcxpresso/tools/bin/../lib/gcc/arm-none-eabi/4.9.3/../../../../arm-none-eabi/lib/armv7-m/libcr_c.a(memset.o)
 .ARM.attributes
                0x000002ca       0x33 /usr/local/lpcxpresso_7.9.2_493/lpcxpresso/tools/bin/../lib/gcc/arm-none-eabi/4.9.3/../../../../arm-none-eabi/lib/armv7-m/libcr_c.a(initio.o)
 .ARM.attributes
                0x000002fd       0x33 /usr/local/lpcxpresso_7.9.2_493/lpcxpresso/tools/bin/../lib/gcc/arm-none-eabi/4.9.3/../../../../arm-none-eabi/lib/armv7-m/libcr_c.a(setvbuf.o)
 .ARM.attributes
                0x00000330       0x33 /usr/local/lpcxpresso_7.9.2_493/lpcxpresso/tools/bin/../lib/gcc/arm-none-eabi/4.9.3/../../../../arm-none-eabi/lib/armv7-m/libcr_c.a(stdio.o)
 .ARM.attributes
                0x00000363       0x33 /usr/local/lpcxpresso_7.9.2_493/lpcxpresso/tools/bin/../lib/gcc/arm-none-eabi/4.9.3/../../../../arm-none-eabi/lib/armv7-m/libcr_c.a(strchr.o)
 .ARM.attributes
                0x00000396       0x33 /usr/local/lpcxpresso_7.9.2_493/lpcxpresso/tools/bin/../lib/gcc/arm-none-eabi/4.9.3/../../../../arm-none-eabi/lib/armv7-m/libcr_c.a(strcpy.o)
 .ARM.attributes
                0x000003c9       0x33 /usr/local/lpcxpresso_7.9.2_493/lpcxpresso/tools/bin/../lib/gcc/arm-none-eabi/4.9.3/../../../../arm-none-eabi/lib/armv7-m/libcr_c.a(strlen.o)
 .ARM.attributes
                0x000003fc       0x33 /usr/local/lpcxpresso_7.9.2_493/lpcxpresso/tools/bin/../lib/gcc/arm-none-eabi/4.9.3/../../../../arm-none-eabi/lib/armv7-m/libcr_c.a(_deferredlazyseek.o)
 .ARM.attributes
                0x0000042f       0x33 /usr/local/lpcxpresso_7.9.2_493/lpcxpresso/tools/bin/../lib/gcc/arm-none-eabi/4.9.3/../../../../arm-none-eabi/lib/armv7-m/libcr_c.a(_fdopen.o)
 .ARM.attributes
                0x00000462       0x33 /usr/local/lpcxpresso_7.9.2_493/lpcxpresso/tools/bin/../lib/gcc/arm-none-eabi/4.9.3/../../../../arm-none-eabi/lib/armv7-m/libcr_c.a(_fflush.o)
 .ARM.attributes
                0x00000495       0x33 /usr/local/lpcxpresso_7.9.2_493/lpcxpresso/tools/bin/../lib/gcc/arm-none-eabi/4.9.3/../../../../arm-none-eabi/lib/armv7-m/libcr_c.a(_writebuf.o)
 .ARM.attributes
                0x000004c8       0x33 /usr/local/lpcxpresso_7.9.2_493/lpcxpresso/tools/bin/../lib/gcc/arm-none-eabi/4.9.3/../../../../arm-none-eabi/lib/armv7-m/libcr_c.a(alloc.o)
 .ARM.attributes
                0x000004fb       0x33 /usr/local/lpcxpresso_7.9.2_493/lpcxpresso/tools/bin/../lib/gcc/arm-none-eabi/4.9.3/../../../../arm-none-eabi/lib/armv7-m/libcr_c.a(errno.o)
 .ARM.attributes
                0x0000052e       0x33 /usr/local/lpcxpresso_7.9.2_493/lpcxpresso/tools/bin/../lib/gcc/arm-none-eabi/4.9.3/../../../../arm-none-eabi/lib/armv7-m/libcr_c.a(fclose.o)
 .ARM.attributes
                0x00000561       0x33 /usr/local/lpcxpresso_7.9.2_493/lpcxpresso/tools/bin/../lib/gcc/arm-none-eabi/4.9.3/../../../../arm-none-eabi/lib/armv7-m/libcr_c.a(fflush.o)
 .ARM.attributes
                0x00000594       0x33 /usr/local/lpcxpresso_7.9.2_493/lpcxpresso/tools/bin/../lib/gcc/arm-none-eabi/4.9.3/../../../../arm-none-eabi/lib/armv7-m/libcr_c.a(fseek.o)
 .ARM.attributes
                0x000005c7       0x33 /usr/local/lpcxpresso_7.9.2_493/lpcxpresso/tools/bin/../lib/gcc/arm-none-eabi/4.9.3/../../../../arm-none-eabi/lib/armv7-m/libcr_c.a(ftell.o)
 .ARM.attributes
                0x000005fa       0x33 /usr/local/lpcxpresso_7.9.2_493/lpcxpresso/tools/bin/../lib/gcc/arm-none-eabi/4.9.3/../../../../arm-none-eabi/lib/armv7-m/libcr_c.a(remove.o)
 .ARM.attributes
                0x0000062d       0x33 /usr/local/lpcxpresso_7.9.2_493/lpcxpresso/tools/bin/../lib/gcc/arm-none-eabi/4.9.3/../../../../arm-none-eabi/lib/armv7-m/libcr_c.a(__init_alloc.o)
 .ARM.attributes
                0x00000660       0x33 /usr/local/lpcxpresso_7.9.2_493/lpcxpresso/tools/bin/../lib/gcc/arm-none-eabi/4.9.3/../../../../arm-none-eabi/lib/armv7-m/libcr_c.a(_cr_sbrk.o)
 .ARM.attributes
                0x00000693       0x33 /usr/local/lpcxpresso_7.9.2_493/lpcxpresso/tools/bin/../lib/gcc/arm-none-eabi/4.9.3/../../../../arm-none-eabi/lib/armv7-m/libcr_c.a(_do_fflush.o)
 .ARM.attributes
                0x000006c6       0x33 /usr/local/lpcxpresso_7.9.2_493/lpcxpresso/tools/bin/../lib/gcc/arm-none-eabi/4.9.3/../../../../arm-none-eabi/lib/armv7-m/libcr_c.a(_cr_check_heap.o)
 .ARM.attributes
                0x000006f9       0x21 /usr/local/lpcxpresso_7.9.2_493/lpcxpresso/tools/bin/../lib/gcc/arm-none-eabi/4.9.3/armv7-m/libcr_eabihelpers.a(memcpy.o)
 .ARM.attributes
                0x0000071a       0x21 /usr/local/lpcxpresso_7.9.2_493/lpcxpresso/tools/bin/../lib/gcc/arm-none-eabi/4.9.3/../../../../arm-none-eabi/lib/armv7-m/libcr_semihost.a(__sys_appexit.o)
 .ARM.attributes
                0x0000073b       0x21 /usr/local/lpcxpresso_7.9.2_493/lpcxpresso/tools/bin/../lib/gcc/arm-none-eabi/4.9.3/../../../../arm-none-eabi/lib/armv7-m/libcr_semihost.a(__sys_close.o)
 .ARM.attributes
                0x0000075c       0x21 /usr/local/lpcxpresso_7.9.2_493/lpcxpresso/tools/bin/../lib/gcc/arm-none-eabi/4.9.3/../../../../arm-none-eabi/lib/armv7-m/libcr_semihost.a(__sys_flen.o)
 .ARM.attributes
                0x0000077d       0x21 /usr/local/lpcxpresso_7.9.2_493/lpcxpresso/tools/bin/../lib/gcc/arm-none-eabi/4.9.3/../../../../arm-none-eabi/lib/armv7-m/libcr_semihost.a(__sys_istty.o)
 .ARM.attributes
                0x0000079e       0x21 /usr/local/lpcxpresso_7.9.2_493/lpcxpresso/tools/bin/../lib/gcc/arm-none-eabi/4.9.3/../../../../arm-none-eabi/lib/armv7-m/libcr_semihost.a(__sys_remove.o)
 .ARM.attributes
                0x000007bf       0x21 /usr/local/lpcxpresso_7.9.2_493/lpcxpresso/tools/bin/../lib/gcc/arm-none-eabi/4.9.3/../../../../arm-none-eabi/lib/armv7-m/libcr_semihost.a(__sys_seek.o)
 .ARM.attributes
                0x000007e0       0x21 /usr/local/lpcxpresso_7.9.2_493/lpcxpresso/tools/bin/../lib/gcc/arm-none-eabi/4.9.3/../../../../arm-none-eabi/lib/armv7-m/libcr_semihost.a(__sys_tmpnam.o)
 .ARM.attributes
                0x00000801       0x21 /usr/local/lpcxpresso_7.9.2_493/lpcxpresso/tools/bin/../lib/gcc/arm-none-eabi/4.9.3/../../../../arm-none-eabi/lib/armv7-m/libcr_semihost.a(__sys_write.o)

.debug_frame    0x00000000     0x1144
 .debug_frame   0x00000000      0x810 ./src/fatfs/ff.o
 .debug_frame   0x00000810      0x174 ./src/fatfs/mmc_ssp.o
 .debug_frame   0x00000984       0x40 ./src/fatfs/rtc176x.o
 .debug_frame   0x000009c4       0xec ./src/ElectricBoard.o
 .debug_frame   0x00000ab0      0x10c ./src/Panel.o
 .debug_frame   0x00000bbc       0x80 ./src/SPI.o
 .debug_frame   0x00000c3c       0xc0 ./src/TImer.o
 .debug_frame   0x00000cfc       0xf4 ./src/UART.o
 .debug_frame   0x00000df0      0x104 ./src/cr_startup_lpc175x_6x.o
 .debug_frame   0x00000ef4      0x214 ./src/xprintf.o
 .debug_frame   0x00001108       0x3c /home/evaota/LPCXpresso/workspace/CMSISv2p00_LPC17xx/Debug/libCMSISv2p00_LPC17xx.a(system_LPC17xx.o)
