Archive member included to satisfy reference by file (symbol)

/usr/lib/x86_64-linux-gnu/libc_nonshared.a(elf-init.oS)
                              /usr/lib/gcc/x86_64-linux-gnu/5/../../../x86_64-linux-gnu/crt1.o (__libc_csu_init)

As-needed library included to satisfy reference by file (symbol)

libm.so.6                     Debug/function.o (pow@@GLIBC_2.2.5)

割り当てている共通シンボル
共通シンボル        サイズ            ファイル

Result              0x8               Debug/main.o

破棄された入力セクション

 .note.GNU-stack
                0x0000000000000000        0x0 /usr/lib/gcc/x86_64-linux-gnu/5/../../../x86_64-linux-gnu/crt1.o
 .note.GNU-stack
                0x0000000000000000        0x0 /usr/lib/gcc/x86_64-linux-gnu/5/../../../x86_64-linux-gnu/crti.o
 .note.GNU-stack
                0x0000000000000000        0x0 /usr/lib/gcc/x86_64-linux-gnu/5/crtbegin.o
 .note.GNU-stack
                0x0000000000000000        0x0 Debug/main.o
 .note.GNU-stack
                0x0000000000000000        0x0 Debug/sample.o
 .note.GNU-stack
                0x0000000000000000        0x0 Debug/function.o
 .note.GNU-stack
                0x0000000000000000        0x0 /usr/lib/x86_64-linux-gnu/libc_nonshared.a(elf-init.oS)
 .note.GNU-stack
                0x0000000000000000        0x0 /usr/lib/gcc/x86_64-linux-gnu/5/crtend.o
 .note.GNU-stack
                0x0000000000000000        0x0 /usr/lib/gcc/x86_64-linux-gnu/5/../../../x86_64-linux-gnu/crtn.o

メモリ設定

名前           原点             長さ             属性
*default*        0x0000000000000000 0xffffffffffffffff

リンカスクリプトおよびメモリマップ

LOAD /usr/lib/gcc/x86_64-linux-gnu/5/../../../x86_64-linux-gnu/crt1.o
LOAD /usr/lib/gcc/x86_64-linux-gnu/5/../../../x86_64-linux-gnu/crti.o
LOAD /usr/lib/gcc/x86_64-linux-gnu/5/crtbegin.o
LOAD Debug/main.o
LOAD Debug/sample.o
LOAD Debug/function.o
LOAD /usr/lib/gcc/x86_64-linux-gnu/5/../../../x86_64-linux-gnu/libm.so
START GROUP
LOAD /lib/x86_64-linux-gnu/libm.so.6
LOAD /usr/lib/x86_64-linux-gnu/libmvec_nonshared.a
LOAD /lib/x86_64-linux-gnu/libmvec.so.1
END GROUP
LOAD /usr/lib/gcc/x86_64-linux-gnu/5/libgcc.a
LOAD /usr/lib/gcc/x86_64-linux-gnu/5/libgcc_s.so
LOAD /usr/lib/gcc/x86_64-linux-gnu/5/../../../x86_64-linux-gnu/libc.so
START GROUP
LOAD /lib/x86_64-linux-gnu/libc.so.6
LOAD /usr/lib/x86_64-linux-gnu/libc_nonshared.a
LOAD /lib/x86_64-linux-gnu/ld-linux-x86-64.so.2
END GROUP
LOAD /usr/lib/gcc/x86_64-linux-gnu/5/libgcc.a
LOAD /usr/lib/gcc/x86_64-linux-gnu/5/libgcc_s.so
LOAD /usr/lib/gcc/x86_64-linux-gnu/5/crtend.o
LOAD /usr/lib/gcc/x86_64-linux-gnu/5/../../../x86_64-linux-gnu/crtn.o
                [!provide]                        PROVIDE (__executable_start, 0x400000)
                0x0000000000400238                . = (0x400000 + SIZEOF_HEADERS)

.interp         0x0000000000400238       0x1c
 *(.interp)
 .interp        0x0000000000400238       0x1c /usr/lib/gcc/x86_64-linux-gnu/5/../../../x86_64-linux-gnu/crt1.o

.note.ABI-tag   0x0000000000400254       0x20
 .note.ABI-tag  0x0000000000400254       0x20 /usr/lib/gcc/x86_64-linux-gnu/5/../../../x86_64-linux-gnu/crt1.o

.note.gnu.build-id
                0x0000000000400274       0x24
 *(.note.gnu.build-id)
 .note.gnu.build-id
                0x0000000000400274       0x24 /usr/lib/gcc/x86_64-linux-gnu/5/../../../x86_64-linux-gnu/crt1.o

.hash
 *(.hash)

.gnu.hash       0x0000000000400298       0x24
 *(.gnu.hash)
 .gnu.hash      0x0000000000400298       0x24 /usr/lib/gcc/x86_64-linux-gnu/5/../../../x86_64-linux-gnu/crt1.o

.dynsym         0x00000000004002c0      0x228
 *(.dynsym)
 .dynsym        0x00000000004002c0      0x228 /usr/lib/gcc/x86_64-linux-gnu/5/../../../x86_64-linux-gnu/crt1.o

.dynstr         0x00000000004004e8      0x11d
 *(.dynstr)
 .dynstr        0x00000000004004e8      0x11d /usr/lib/gcc/x86_64-linux-gnu/5/../../../x86_64-linux-gnu/crt1.o

.gnu.version    0x0000000000400606       0x2e
 *(.gnu.version)
 .gnu.version   0x0000000000400606       0x2e /usr/lib/gcc/x86_64-linux-gnu/5/../../../x86_64-linux-gnu/crt1.o

.gnu.version_d  0x0000000000400638        0x0
 *(.gnu.version_d)
 .gnu.version_d
                0x0000000000400638        0x0 /usr/lib/gcc/x86_64-linux-gnu/5/../../../x86_64-linux-gnu/crt1.o

.gnu.version_r  0x0000000000400638       0x60
 *(.gnu.version_r)
 .gnu.version_r
                0x0000000000400638       0x60 /usr/lib/gcc/x86_64-linux-gnu/5/../../../x86_64-linux-gnu/crt1.o

.rela.dyn       0x0000000000400698       0x30
 *(.rela.init)
 *(.rela.text .rela.text.* .rela.gnu.linkonce.t.*)
 .rela.text     0x0000000000400698        0x0 /usr/lib/gcc/x86_64-linux-gnu/5/../../../x86_64-linux-gnu/crt1.o
 *(.rela.fini)
 *(.rela.rodata .rela.rodata.* .rela.gnu.linkonce.r.*)
 *(.rela.data .rela.data.* .rela.gnu.linkonce.d.*)
 *(.rela.tdata .rela.tdata.* .rela.gnu.linkonce.td.*)
 *(.rela.tbss .rela.tbss.* .rela.gnu.linkonce.tb.*)
 *(.rela.ctors)
 *(.rela.dtors)
 *(.rela.got)
 .rela.got      0x0000000000400698       0x18 /usr/lib/gcc/x86_64-linux-gnu/5/../../../x86_64-linux-gnu/crt1.o
 *(.rela.bss .rela.bss.* .rela.gnu.linkonce.b.*)
 .rela.bss      0x00000000004006b0       0x18 /usr/lib/gcc/x86_64-linux-gnu/5/../../../x86_64-linux-gnu/crt1.o
 *(.rela.ldata .rela.ldata.* .rela.gnu.linkonce.l.*)
 *(.rela.lbss .rela.lbss.* .rela.gnu.linkonce.lb.*)
 *(.rela.lrodata .rela.lrodata.* .rela.gnu.linkonce.lr.*)
 *(.rela.ifunc)

.rela.plt       0x00000000004006c8      0x198
 *(.rela.plt)
 .rela.plt      0x00000000004006c8      0x198 /usr/lib/gcc/x86_64-linux-gnu/5/../../../x86_64-linux-gnu/crt1.o
                [!provide]                        PROVIDE (__rela_iplt_start, .)
 *(.rela.iplt)
 .rela.iplt     0x0000000000400860        0x0 /usr/lib/gcc/x86_64-linux-gnu/5/../../../x86_64-linux-gnu/crt1.o
                [!provide]                        PROVIDE (__rela_iplt_end, .)

.init           0x0000000000400860       0x1a
 *(SORT(.init))
 .init          0x0000000000400860       0x15 /usr/lib/gcc/x86_64-linux-gnu/5/../../../x86_64-linux-gnu/crti.o
                0x0000000000400860                _init
 .init          0x0000000000400875        0x5 /usr/lib/gcc/x86_64-linux-gnu/5/../../../x86_64-linux-gnu/crtn.o

.plt            0x0000000000400880      0x120
 *(.plt)
 .plt           0x0000000000400880      0x120 /usr/lib/gcc/x86_64-linux-gnu/5/../../../x86_64-linux-gnu/crt1.o
                0x0000000000400890                putchar@@GLIBC_2.2.5
                0x00000000004008a0                remove@@GLIBC_2.2.5
                0x00000000004008b0                __isoc99_fscanf@@GLIBC_2.7
                0x00000000004008c0                puts@@GLIBC_2.2.5
                0x00000000004008d0                fclose@@GLIBC_2.2.5
                0x00000000004008e0                __stack_chk_fail@@GLIBC_2.4
                0x00000000004008f0                setbuf@@GLIBC_2.2.5
                0x0000000000400900                printf@@GLIBC_2.2.5
                0x0000000000400910                pow@@GLIBC_2.2.5
                0x0000000000400920                __libc_start_main@@GLIBC_2.2.5
                0x0000000000400930                srand@@GLIBC_2.2.5
                0x0000000000400940                fprintf@@GLIBC_2.2.5
                0x0000000000400950                time@@GLIBC_2.2.5
                0x0000000000400960                fopen@@GLIBC_2.2.5
                0x0000000000400970                __isoc99_scanf@@GLIBC_2.7
                0x0000000000400980                fwrite@@GLIBC_2.2.5
                0x0000000000400990                rand@@GLIBC_2.2.5
 *(.iplt)
 .iplt          0x00000000004009a0        0x0 /usr/lib/gcc/x86_64-linux-gnu/5/../../../x86_64-linux-gnu/crt1.o

.plt.got        0x00000000004009a0        0x8
 *(.plt.got)
 .plt.got       0x00000000004009a0        0x8 /usr/lib/gcc/x86_64-linux-gnu/5/../../../x86_64-linux-gnu/crt1.o

.plt.bnd
 *(.plt.bnd)

.text           0x00000000004009b0      0xe62
 *(.text.unlikely .text.*_unlikely .text.unlikely.*)
 .text.unlikely
                0x00000000004009b0        0x0 /usr/lib/gcc/x86_64-linux-gnu/5/crtbegin.o
 .text.unlikely
                0x00000000004009b0        0x0 /usr/lib/x86_64-linux-gnu/libc_nonshared.a(elf-init.oS)
 *(.text.exit .text.exit.*)
 *(.text.startup .text.startup.*)
 *(.text.hot .text.hot.*)
 *(.text .stub .text.* .gnu.linkonce.t.*)
 .text          0x00000000004009b0       0x2a /usr/lib/gcc/x86_64-linux-gnu/5/../../../x86_64-linux-gnu/crt1.o
                0x00000000004009b0                _start
 .text          0x00000000004009da        0x0 /usr/lib/gcc/x86_64-linux-gnu/5/../../../x86_64-linux-gnu/crti.o
 *fill*         0x00000000004009da        0x6 
 .text          0x00000000004009e0       0xc6 /usr/lib/gcc/x86_64-linux-gnu/5/crtbegin.o
 .text          0x0000000000400aa6      0x353 Debug/main.o
                0x0000000000400aa6                main
 .text          0x0000000000400df9       0x20 Debug/sample.o
                0x0000000000400df9                sampritnf
 .text          0x0000000000400e19      0x982 Debug/function.o
                0x0000000000400e19                GenerateNum
                0x0000000000400fbd                Hint
                0x00000000004011d9                Title
                0x00000000004012b2                WaitTime
                0x00000000004012ed                Loading
                0x00000000004013d7                LoadPlayerInfo
                0x00000000004014fb                DisplayResult
                0x0000000000401591                Select
                0x000000000040162f                RecordResult
                0x000000000040174a                ResultDelete
 *fill*         0x000000000040179b        0x5 
 .text          0x00000000004017a0       0x72 /usr/lib/x86_64-linux-gnu/libc_nonshared.a(elf-init.oS)
                0x00000000004017a0                __libc_csu_init
                0x0000000000401810                __libc_csu_fini
 .text          0x0000000000401812        0x0 /usr/lib/gcc/x86_64-linux-gnu/5/crtend.o
 .text          0x0000000000401812        0x0 /usr/lib/gcc/x86_64-linux-gnu/5/../../../x86_64-linux-gnu/crtn.o
 *(.gnu.warning)

.fini           0x0000000000401814        0x9
 *(SORT(.fini))
 .fini          0x0000000000401814        0x4 /usr/lib/gcc/x86_64-linux-gnu/5/../../../x86_64-linux-gnu/crti.o
                0x0000000000401814                _fini
 .fini          0x0000000000401818        0x5 /usr/lib/gcc/x86_64-linux-gnu/5/../../../x86_64-linux-gnu/crtn.o
                [!provide]                        PROVIDE (__etext, .)
                [!provide]                        PROVIDE (_etext, .)
                [!provide]                        PROVIDE (etext, .)

.rodata         0x0000000000401820      0x3d9
 *(.rodata .rodata.* .gnu.linkonce.r.*)
 .rodata.cst4   0x0000000000401820        0x4 /usr/lib/gcc/x86_64-linux-gnu/5/../../../x86_64-linux-gnu/crt1.o
                0x0000000000401820                _IO_stdin_used
 *fill*         0x0000000000401824        0x4 
 .rodata        0x0000000000401828      0x108 Debug/main.o
 .rodata        0x0000000000401930       0x89 Debug/sample.o
 *fill*         0x00000000004019b9        0x7 
 .rodata        0x00000000004019c0      0x239 Debug/function.o

.rodata1
 *(.rodata1)

.eh_frame_hdr   0x0000000000401bfc       0x8c
 *(.eh_frame_hdr)
 .eh_frame_hdr  0x0000000000401bfc       0x8c /usr/lib/gcc/x86_64-linux-gnu/5/../../../x86_64-linux-gnu/crt1.o
                0x0000000000401bfc                __GNU_EH_FRAME_HDR
 *(.eh_frame_entry .eh_frame_entry.*)

.eh_frame       0x0000000000401c88      0x25c
 *(.eh_frame)
 .eh_frame      0x0000000000401c88       0x30 /usr/lib/gcc/x86_64-linux-gnu/5/../../../x86_64-linux-gnu/crt1.o
 .eh_frame      0x0000000000401cb8       0x40 /usr/lib/gcc/x86_64-linux-gnu/5/../../../x86_64-linux-gnu/crt1.o
 .eh_frame      0x0000000000401cf8       0x20 Debug/main.o
                                         0x38 (緩和前のサイズ)
 .eh_frame      0x0000000000401d18       0x20 Debug/sample.o
                                         0x38 (緩和前のサイズ)
 .eh_frame      0x0000000000401d38      0x148 Debug/function.o
                                        0x160 (緩和前のサイズ)
 .eh_frame      0x0000000000401e80       0x60 /usr/lib/x86_64-linux-gnu/libc_nonshared.a(elf-init.oS)
                                         0x78 (緩和前のサイズ)
 .eh_frame      0x0000000000401ee0        0x4 /usr/lib/gcc/x86_64-linux-gnu/5/crtend.o
 *(.eh_frame.*)

.gcc_except_table
 *(.gcc_except_table .gcc_except_table.*)

.gnu_extab
 *(.gnu_extab*)

.exception_ranges
 *(.exception_ranges .exception_ranges*)
                0x0000000000602e00                . = DATA_SEGMENT_ALIGN (0x200000, 0x1000)

.eh_frame
 *(.eh_frame)
 *(.eh_frame.*)

.gnu_extab
 *(.gnu_extab)

.gcc_except_table
 *(.gcc_except_table .gcc_except_table.*)

.exception_ranges
 *(.exception_ranges .exception_ranges*)

.tdata
 *(.tdata .tdata.* .gnu.linkonce.td.*)

.tbss
 *(.tbss .tbss.* .gnu.linkonce.tb.*)
 *(.tcommon)

.preinit_array  0x0000000000602e00        0x0
                [!provide]                        PROVIDE (__preinit_array_start, .)
 *(.preinit_array)
                [!provide]                        PROVIDE (__preinit_array_end, .)

.init_array     0x0000000000602e00        0x8
                0x0000000000602e00                PROVIDE (__init_array_start, .)
 *(SORT(.init_array.*) SORT(.ctors.*))
 *(.init_array EXCLUDE_FILE(*crtend?.o *crtend.o *crtbegin?.o *crtbegin.o) .ctors)
 .init_array    0x0000000000602e00        0x8 /usr/lib/gcc/x86_64-linux-gnu/5/crtbegin.o
                0x0000000000602e08                PROVIDE (__init_array_end, .)

.fini_array     0x0000000000602e08        0x8
                [!provide]                        PROVIDE (__fini_array_start, .)
 *(SORT(.fini_array.*) SORT(.dtors.*))
 *(.fini_array EXCLUDE_FILE(*crtend?.o *crtend.o *crtbegin?.o *crtbegin.o) .dtors)
 .fini_array    0x0000000000602e08        0x8 /usr/lib/gcc/x86_64-linux-gnu/5/crtbegin.o
                [!provide]                        PROVIDE (__fini_array_end, .)

.ctors
 *crtbegin.o(.ctors)
 *crtbegin?.o(.ctors)
 *(EXCLUDE_FILE(*crtend?.o *crtend.o) .ctors)
 *(SORT(.ctors.*))
 *(.ctors)

.dtors
 *crtbegin.o(.dtors)
 *crtbegin?.o(.dtors)
 *(EXCLUDE_FILE(*crtend?.o *crtend.o) .dtors)
 *(SORT(.dtors.*))
 *(.dtors)

.jcr            0x0000000000602e10        0x8
 *(.jcr)
 .jcr           0x0000000000602e10        0x0 /usr/lib/gcc/x86_64-linux-gnu/5/crtbegin.o
 .jcr           0x0000000000602e10        0x8 /usr/lib/gcc/x86_64-linux-gnu/5/crtend.o

.data.rel.ro
 *(.data.rel.ro.local* .gnu.linkonce.d.rel.ro.local.*)
 *(.data.rel.ro .data.rel.ro.* .gnu.linkonce.d.rel.ro.*)

.dynamic        0x0000000000602e18      0x1e0
 *(.dynamic)
 .dynamic       0x0000000000602e18      0x1e0 /usr/lib/gcc/x86_64-linux-gnu/5/../../../x86_64-linux-gnu/crt1.o
                0x0000000000602e18                _DYNAMIC

.got            0x0000000000602ff8        0x8
 *(.got)
 .got           0x0000000000602ff8        0x8 /usr/lib/gcc/x86_64-linux-gnu/5/../../../x86_64-linux-gnu/crt1.o
 *(.igot)
                0x0000000000603fe8                . = DATA_SEGMENT_RELRO_END (., (SIZEOF (.got.plt) >= 0x18)?0x18:0x0)

.got.plt        0x0000000000603000       0xa0
 *(.got.plt)
 .got.plt       0x0000000000603000       0xa0 /usr/lib/gcc/x86_64-linux-gnu/5/../../../x86_64-linux-gnu/crt1.o
                0x0000000000603000                _GLOBAL_OFFSET_TABLE_
 *(.igot.plt)
 .igot.plt      0x00000000006030a0        0x0 /usr/lib/gcc/x86_64-linux-gnu/5/../../../x86_64-linux-gnu/crt1.o

.data           0x00000000006030a0       0x18
 *(.data .data.* .gnu.linkonce.d.*)
 .data          0x00000000006030a0        0x4 /usr/lib/gcc/x86_64-linux-gnu/5/../../../x86_64-linux-gnu/crt1.o
                0x00000000006030a0                data_start
                0x00000000006030a0                __data_start
 .data          0x00000000006030a4        0x0 /usr/lib/gcc/x86_64-linux-gnu/5/../../../x86_64-linux-gnu/crti.o
 *fill*         0x00000000006030a4        0x4 
 .data          0x00000000006030a8        0x8 /usr/lib/gcc/x86_64-linux-gnu/5/crtbegin.o
                0x00000000006030a8                __dso_handle
 .data          0x00000000006030b0        0x0 Debug/main.o
 .data          0x00000000006030b0        0x8 Debug/sample.o
 .data          0x00000000006030b8        0x0 Debug/function.o
 .data          0x00000000006030b8        0x0 /usr/lib/x86_64-linux-gnu/libc_nonshared.a(elf-init.oS)
 .data          0x00000000006030b8        0x0 /usr/lib/gcc/x86_64-linux-gnu/5/crtend.o
 .data          0x00000000006030b8        0x0 /usr/lib/gcc/x86_64-linux-gnu/5/../../../x86_64-linux-gnu/crtn.o

.tm_clone_table
                0x00000000006030b8        0x0
 .tm_clone_table
                0x00000000006030b8        0x0 /usr/lib/gcc/x86_64-linux-gnu/5/crtbegin.o
 .tm_clone_table
                0x00000000006030b8        0x0 /usr/lib/gcc/x86_64-linux-gnu/5/crtend.o

.data1
 *(.data1)
                0x00000000006030b8                _edata = .
                [!provide]                        PROVIDE (edata, .)
                0x00000000006030b8                . = .
                0x00000000006030b8                __bss_start = .

.bss            0x00000000006030b8       0x18
 *(.dynbss)
 .dynbss        0x00000000006030b8        0x8 /usr/lib/gcc/x86_64-linux-gnu/5/../../../x86_64-linux-gnu/crt1.o
                0x00000000006030b8                stdout@@GLIBC_2.2.5
 *(.bss .bss.* .gnu.linkonce.b.*)
 .bss           0x00000000006030c0        0x0 /usr/lib/gcc/x86_64-linux-gnu/5/../../../x86_64-linux-gnu/crt1.o
 .bss           0x00000000006030c0        0x0 /usr/lib/gcc/x86_64-linux-gnu/5/../../../x86_64-linux-gnu/crti.o
 .bss           0x00000000006030c0        0x1 /usr/lib/gcc/x86_64-linux-gnu/5/crtbegin.o
 .bss           0x00000000006030c1        0x0 Debug/main.o
 .bss           0x00000000006030c1        0x0 Debug/sample.o
 .bss           0x00000000006030c1        0x0 Debug/function.o
 .bss           0x00000000006030c1        0x0 /usr/lib/x86_64-linux-gnu/libc_nonshared.a(elf-init.oS)
 .bss           0x00000000006030c1        0x0 /usr/lib/gcc/x86_64-linux-gnu/5/crtend.o
 .bss           0x00000000006030c1        0x0 /usr/lib/gcc/x86_64-linux-gnu/5/../../../x86_64-linux-gnu/crtn.o
 *(COMMON)
 *fill*         0x00000000006030c1        0x7 
 COMMON         0x00000000006030c8        0x8 Debug/main.o
                0x00000000006030c8                Result
                0x00000000006030d0                . = ALIGN ((. != 0x0)?0x8:0x1)

.lbss
 *(.dynlbss)
 *(.lbss .lbss.* .gnu.linkonce.lb.*)
 *(LARGE_COMMON)
                0x00000000006030d0                . = ALIGN (0x8)
                0x00000000006030d0                . = SEGMENT_START ("ldata-segment", .)

.lrodata
 *(.lrodata .lrodata.* .gnu.linkonce.lr.*)

.ldata          0x0000000000a030d0        0x0
 *(.ldata .ldata.* .gnu.linkonce.l.*)
                0x0000000000a030d0                . = ALIGN ((. != 0x0)?0x8:0x1)
                0x0000000000a030d0                . = ALIGN (0x8)
                0x0000000000a030d0                _end = .
                [!provide]                        PROVIDE (end, .)
                0x0000000000a030d0                . = DATA_SEGMENT_END (.)

.stab
 *(.stab)

.stabstr
 *(.stabstr)

.stab.excl
 *(.stab.excl)

.stab.exclstr
 *(.stab.exclstr)

.stab.index
 *(.stab.index)

.stab.indexstr
 *(.stab.indexstr)

.comment        0x0000000000000000       0x34
 *(.comment)
 .comment       0x0000000000000000       0x34 /usr/lib/gcc/x86_64-linux-gnu/5/crtbegin.o
                                         0x35 (緩和前のサイズ)
 .comment       0x0000000000000034       0x35 Debug/main.o
 .comment       0x0000000000000034       0x35 Debug/sample.o
 .comment       0x0000000000000034       0x35 Debug/function.o
 .comment       0x0000000000000034       0x35 /usr/lib/gcc/x86_64-linux-gnu/5/crtend.o

.debug
 *(.debug)

.line
 *(.line)

.debug_srcinfo
 *(.debug_srcinfo)

.debug_sfnames
 *(.debug_sfnames)

.debug_aranges  0x0000000000000000       0x90
 *(.debug_aranges)
 .debug_aranges
                0x0000000000000000       0x30 Debug/main.o
 .debug_aranges
                0x0000000000000030       0x30 Debug/sample.o
 .debug_aranges
                0x0000000000000060       0x30 Debug/function.o

.debug_pubnames
 *(.debug_pubnames)

.debug_info     0x0000000000000000      0xb42
 *(.debug_info .gnu.linkonce.wi.*)
 .debug_info    0x0000000000000000      0x437 Debug/main.o
 .debug_info    0x0000000000000437       0xad Debug/sample.o
 .debug_info    0x00000000000004e4      0x65e Debug/function.o

.debug_abbrev   0x0000000000000000      0x297
 *(.debug_abbrev)
 .debug_abbrev  0x0000000000000000       0xda Debug/main.o
 .debug_abbrev  0x00000000000000da       0x61 Debug/sample.o
 .debug_abbrev  0x000000000000013b      0x15c Debug/function.o

.debug_line     0x0000000000000000      0x457
 *(.debug_line .debug_line.* .debug_line_end)
 .debug_line    0x0000000000000000      0x176 Debug/main.o
 .debug_line    0x0000000000000176       0x4e Debug/sample.o
 .debug_line    0x00000000000001c4      0x293 Debug/function.o

.debug_frame
 *(.debug_frame)

.debug_str      0x0000000000000000      0x3f1
 *(.debug_str)
 .debug_str     0x0000000000000000      0x2e6 Debug/main.o
                                        0x33f (緩和前のサイズ)
 .debug_str     0x00000000000002e6       0x2a Debug/sample.o
                                        0x110 (緩和前のサイズ)
 .debug_str     0x0000000000000310       0xe1 Debug/function.o
                                        0x3b4 (緩和前のサイズ)

.debug_loc
 *(.debug_loc)

.debug_macinfo
 *(.debug_macinfo)

.debug_weaknames
 *(.debug_weaknames)

.debug_funcnames
 *(.debug_funcnames)

.debug_typenames
 *(.debug_typenames)

.debug_varnames
 *(.debug_varnames)

.debug_pubtypes
 *(.debug_pubtypes)

.debug_ranges
 *(.debug_ranges)

.debug_macro
 *(.debug_macro)

.gnu.attributes
 *(.gnu.attributes)

/DISCARD/
 *(.note.GNU-stack)
 *(.gnu_debuglink)
 *(.gnu.lto_*)
OUTPUT(Bin/project elf64-x86-64)
